###############################################################################
#
# IAR ELF Linker V8.22.1.15669/W32 for ARM                14/Nov/2018  03:46:06
# Copyright 2007-2018 IAR Systems AB.
#
#    Output file  =  
#        C:\Users\seunghyun\Desktop\Dr.ONE\ARM\Dr.one\EWARM\Dr.one\Exe\Dr.one.out
#    Map file     =  
#        C:\Users\seunghyun\Desktop\Dr.ONE\ARM\Dr.one\EWARM\Dr.one\List\Dr.one.map
#    Command line =  
#        -f C:\Users\SEUNGH~1\AppData\Local\Temp\EW9A2B.tmp
#        (C:\Users\seunghyun\Desktop\Dr.ONE\ARM\Dr.one\EWARM\Dr.one\Obj\main.o
#        C:\Users\seunghyun\Desktop\Dr.ONE\ARM\Dr.one\EWARM\Dr.one\Obj\startup_stm32f103xe.o
#        C:\Users\seunghyun\Desktop\Dr.ONE\ARM\Dr.one\EWARM\Dr.one\Obj\stm32f1xx_hal.o
#        C:\Users\seunghyun\Desktop\Dr.ONE\ARM\Dr.one\EWARM\Dr.one\Obj\stm32f1xx_hal_adc.o
#        C:\Users\seunghyun\Desktop\Dr.ONE\ARM\Dr.one\EWARM\Dr.one\Obj\stm32f1xx_hal_adc_ex.o
#        C:\Users\seunghyun\Desktop\Dr.ONE\ARM\Dr.one\EWARM\Dr.one\Obj\stm32f1xx_hal_cortex.o
#        C:\Users\seunghyun\Desktop\Dr.ONE\ARM\Dr.one\EWARM\Dr.one\Obj\stm32f1xx_hal_dma.o
#        C:\Users\seunghyun\Desktop\Dr.ONE\ARM\Dr.one\EWARM\Dr.one\Obj\stm32f1xx_hal_flash.o
#        C:\Users\seunghyun\Desktop\Dr.ONE\ARM\Dr.one\EWARM\Dr.one\Obj\stm32f1xx_hal_flash_ex.o
#        C:\Users\seunghyun\Desktop\Dr.ONE\ARM\Dr.one\EWARM\Dr.one\Obj\stm32f1xx_hal_gpio.o
#        C:\Users\seunghyun\Desktop\Dr.ONE\ARM\Dr.one\EWARM\Dr.one\Obj\stm32f1xx_hal_gpio_ex.o
#        C:\Users\seunghyun\Desktop\Dr.ONE\ARM\Dr.one\EWARM\Dr.one\Obj\stm32f1xx_hal_msp.o
#        C:\Users\seunghyun\Desktop\Dr.ONE\ARM\Dr.one\EWARM\Dr.one\Obj\stm32f1xx_hal_pwr.o
#        C:\Users\seunghyun\Desktop\Dr.ONE\ARM\Dr.one\EWARM\Dr.one\Obj\stm32f1xx_hal_rcc.o
#        C:\Users\seunghyun\Desktop\Dr.ONE\ARM\Dr.one\EWARM\Dr.one\Obj\stm32f1xx_hal_rcc_ex.o
#        C:\Users\seunghyun\Desktop\Dr.ONE\ARM\Dr.one\EWARM\Dr.one\Obj\stm32f1xx_hal_tim.o
#        C:\Users\seunghyun\Desktop\Dr.ONE\ARM\Dr.one\EWARM\Dr.one\Obj\stm32f1xx_hal_tim_ex.o
#        C:\Users\seunghyun\Desktop\Dr.ONE\ARM\Dr.one\EWARM\Dr.one\Obj\stm32f1xx_hal_uart.o
#        C:\Users\seunghyun\Desktop\Dr.ONE\ARM\Dr.one\EWARM\Dr.one\Obj\stm32f1xx_it.o
#        C:\Users\seunghyun\Desktop\Dr.ONE\ARM\Dr.one\EWARM\Dr.one\Obj\system_stm32f1xx.o
#        -o
#        C:\Users\seunghyun\Desktop\Dr.ONE\ARM\Dr.one\EWARM\Dr.one\Exe\Dr.one.out
#        --map
#        C:\Users\seunghyun\Desktop\Dr.ONE\ARM\Dr.one\EWARM\Dr.one\List\Dr.one.map
#        --config "C:\Program Files (x86)\IAR Systems\Embedded Workbench
#        8.0\arm\config\linker\ST\stm32f103xE.icf" --semihosting --entry
#        __iar_program_start --redirect __iar_sh_stdout=__iar_sh_stdout_swo
#        --vfe --text_out locale)
#
###############################################################################

*******************************************************************************
*** RUNTIME MODEL ATTRIBUTES
***

CppFlavor       = *
__Heap_Handler  = Basic
__SystemLibrary = DLib
__dlib_version  = 6


*******************************************************************************
*** HEAP SELECTION
***

The basic heap was selected because no calls to memory allocation
functions were found in the application outside of system library
functions, and there are calls to deallocation functions in the
application.


*******************************************************************************
*** PLACEMENT SUMMARY
***

"A0":  place at 0x08000000 { ro section .intvec };
"P1":  place in [from 0x08000000 to 0x0807ffff] { ro };
define block CSTACK with size = 4K, alignment = 8 { };
define block HEAP with size = 4K, alignment = 8 { };
"P2":  place in [from 0x20000000 to 0x2000ffff] {
          rw, block CSTACK, block HEAP };
initialize by copy { rw };

  Section            Kind        Address    Size  Object
  -------            ----        -------    ----  ------
"A0":                                      0x130
  .intvec            ro code  0x08000000   0x130  startup_stm32f103xe.o [1]
                            - 0x08000130   0x130

"P1":                                     0x5032
  .text              ro code  0x08000130   0xcb0  main.o [1]
  .text              ro code  0x08000de0    0x24  stm32f1xx_hal.o [1]
  .text              ro code  0x08000e04   0x460  stm32f1xx_hal_uart.o [1]
  .text              ro code  0x08001264   0x6e4  stm32f1xx_hal_tim.o [1]
  .text              ro code  0x08001948    0x28  printf.o [3]
  .text              ro code  0x08001970    0x48  FltToDbl.o [4]
  .text              ro code  0x080019b8     0x2  stm32f1xx_hal_uart.o [1]
  .text              ro code  0x080019ba    0x7a  lz77_init_single.o [5]
  .text              ro code  0x08001a34    0x28  stm32f1xx_hal.o [1]
  .text              ro code  0x08001a5c     0xc  stm32f1xx_hal.o [1]
  .text              ro code  0x08001a68    0x68  DblToFlt.o [4]
  .text              ro code  0x08001ad0   0x1a2  DblMul.o [4]
  .text              ro code  0x08001c74   0x4e2  stm32f1xx_hal_rcc.o [1]
  .text              ro code  0x08002158    0xe8  stm32f1xx_hal_rcc_ex.o [1]
  .text              ro code  0x08002240    0xf2  stm32f1xx_hal_cortex.o [1]
  .text              ro code  0x08002334   0x26c  stm32f1xx_hal_adc.o [1]
  .text              ro code  0x080025a0    0xa4  stm32f1xx_hal_tim_ex.o [1]
  .text              ro code  0x08002644   0x2fc  stm32f1xx_hal_msp.o [1]
  .text              ro code  0x08002940   0x2d0  stm32f1xx_hal_gpio.o [1]
  .text              ro code  0x08002c10    0x80  FltSub.o [4]
  .text              ro code  0x08002c90    0x24  FltCmpLe.o [4]
  .text              ro code  0x08002cb4    0x24  FltCmpGe.o [4]
  .text              ro code  0x08002cd8    0xe2  FltAdd.o [4]
  .text              ro code  0x08002dbc    0xd8  FltMul.o [4]
  .text              ro code  0x08002e94    0xfc  FltDiv.o [4]
  .text              ro code  0x08002f90    0x2a  FltToS32.o [4]
  .text              ro code  0x08002fbc    0x1c  U32ToFlt.o [4]
  .text              ro code  0x08002fd8    0x24  S32ToFlt.o [4]
  .text              ro code  0x08002ffc   0x178  DblAdd.o [4]
  .text              ro code  0x08003174    0x40  stm32f1xx_hal.o [1]
  .text              ro code  0x080031b4   0x110  stm32f1xx_hal_dma.o [1]
  .text              ro code  0x080032c4     0x2  stm32f1xx_hal_uart.o [1]
  .text              ro code  0x080032c6     0x2  stm32f1xx_hal_uart.o [1]
  .text              ro code  0x080032c8     0x2  stm32f1xx_hal_tim.o [1]
  .text              ro code  0x080032ca     0x2  stm32f1xx_hal_tim.o [1]
  .text              ro code  0x080032cc     0x2  stm32f1xx_hal_tim_ex.o [1]
  .text              ro code  0x080032ce     0x2  stm32f1xx_hal_tim.o [1]
  .text              ro code  0x080032d0     0x2  stm32f1xx_hal_tim_ex.o [1]
  .text              ro code  0x080032d2     0x2  stm32f1xx_hal_tim.o [1]
  .text              ro code  0x080032d4   0xc2a  xprintflarge_nomb.o [3]
  .text              ro code  0x08003f00    0xe2  DblSub.o [4]
  .text              ro code  0x08003fe4    0x16  strchr.o [5]
  .text              ro code  0x08003ffc    0x40  xfail_s.o [3]
  .text              ro code  0x0800403c    0x36  strlen.o [5]
  .text              ro code  0x08004074    0x58  memchr.o [5]
  .text              ro code  0x080040cc   0x22e  I64DivMod.o [5]
  .text              ro code  0x080042fc    0xa6  ABImemcpy.o [5]
  .text              ro code  0x080043a4    0x70  frexp.o [4]
  .text              ro code  0x08004414    0x2e  DblCmpLe.o [4]
  .text              ro code  0x08004444   0x246  DblDiv.o [4]
  .text              ro code  0x0800468c    0x28  DblToU32.o [4]
  .text              ro code  0x080046b4    0x1a  U32ToDbl.o [4]
  .text              ro code  0x080046d0     0x8  xlocale_c.o [3]
  .text              ro code  0x080046d8     0x6  abort.o [3]
  .text              ro code  0x080046e0     0x2  I64DivZer.o [5]
  .text              ro code  0x080046e4    0x14  exit.o [6]
  .text              ro code  0x080046f8   0x140  heap0.o [3]
  .text              ro code  0x08004838    0x2c  xgetmemchunk.o [3]
  .text              ro code  0x08004864    0xd8  xfspos.o [3]
  .text              ro code  0x0800493c    0xac  fflush.o [3]
  .text              ro code  0x080049e8     0xc  xfgpos.o [3]
  .text              ro code  0x080049f4    0x4a  lseek.o [6]
  .text              ro code  0x08004a3e    0x10  write.o [6]
  .text              ro code  0x08004a50    0xcc  XShHandles.o [3]
  .text              ro code  0x08004b1c    0x1e  dwrite.o [6]
  .text              ro code  0x08004b3c    0x50  iarwstdswo.o [6]
  .text              ro code  0x08004b8c    0x22  iarwrite.o [6]
  .text              ro code  0x08004bae    0xb4  xfwprep.o [3]
  .text              ro code  0x08004c62    0x24  fseek.o [3]
  .text              ro code  0x08004c86    0x7e  fclose.o [3]
  .text              ro code  0x08004d04    0x7c  xfofind.o [3]
  .text              ro code  0x08004d80     0x4  heaptramp0.o [3]
  .text              ro code  0x08004d84    0x18  close.o [6]
  .text              ro code  0x08004d9c    0x14  remove.o [6]
  .text              ro code  0x08004db0    0x5c  system_stm32f1xx.o [1]
  .text              ro code  0x08004e0c    0x54  fputc.o [3]
  .text              ro code  0x08004e60    0x40  zero_init3.o [5]
  .text              ro code  0x08004ea0    0x3c  xcloseall.o [3]
  .text              ro code  0x08004edc    0x34  stm32f1xx_it.o [1]
  .text              ro code  0x08004f10    0x10  stm32f1xx_hal.o [1]
  .text              ro code  0x08004f20    0x28  data_init.o [5]
  .iar.init_table    const    0x08004f48    0x20  - Linker created -
  .text              ro code  0x08004f68    0x1e  cmain.o [5]
  .text              ro code  0x08004f86     0x4  low_level_init.o [3]
  .text              ro code  0x08004f8a     0x4  exit.o [3]
  .text              ro code  0x08004f90     0xe  cexit.o [5]
  .text              ro code  0x08004f9e    0x16  xprout.o [3]
  .text              ro code  0x08004fb4     0xc  putchar.o [3]
  .text              ro code  0x08004fc0    0x10  startup_stm32f103xe.o [1]
  .text              ro code  0x08004fd0     0xc  cstartup_M.o [5]
  .rodata            const    0x08004fdc     0x8  system_stm32f1xx.o [1]
  .rodata            const    0x08004fe4     0x4  xlocale_c.o [3]
  .text              ro code  0x08004fe8     0x4  startup_stm32f103xe.o [1]
  .text              ro code  0x08004fec     0x4  startup_stm32f103xe.o [1]
  .text              ro code  0x08004ff0     0x4  startup_stm32f103xe.o [1]
  .text              ro code  0x08004ff4     0x4  startup_stm32f103xe.o [1]
  .text              ro code  0x08004ff8     0x4  startup_stm32f103xe.o [1]
  .text              ro code  0x08004ffc     0x4  startup_stm32f103xe.o [1]
  .text              ro code  0x08005000     0x4  startup_stm32f103xe.o [1]
  .text              ro code  0x08005004     0x4  startup_stm32f103xe.o [1]
  .text              ro code  0x08005008     0x4  startup_stm32f103xe.o [1]
  .text              ro code  0x0800500c     0x4  startup_stm32f103xe.o [1]
  .text              ro code  0x08005010     0x4  startup_stm32f103xe.o [1]
  .text              ro code  0x08005014     0x4  startup_stm32f103xe.o [1]
  .text              ro code  0x08005018     0x4  startup_stm32f103xe.o [1]
  .text              ro code  0x0800501c     0x4  startup_stm32f103xe.o [1]
  .text              ro code  0x08005020     0x4  startup_stm32f103xe.o [1]
  .text              ro code  0x08005024     0x4  startup_stm32f103xe.o [1]
  .text              ro code  0x08005028     0x4  startup_stm32f103xe.o [1]
  .text              ro code  0x0800502c     0x4  startup_stm32f103xe.o [1]
  .text              ro code  0x08005030     0x4  startup_stm32f103xe.o [1]
  .text              ro code  0x08005034     0x4  startup_stm32f103xe.o [1]
  .text              ro code  0x08005038     0x4  startup_stm32f103xe.o [1]
  .text              ro code  0x0800503c     0x4  startup_stm32f103xe.o [1]
  .text              ro code  0x08005040     0x4  startup_stm32f103xe.o [1]
  .text              ro code  0x08005044     0x4  startup_stm32f103xe.o [1]
  .text              ro code  0x08005048     0x4  startup_stm32f103xe.o [1]
  .text              ro code  0x0800504c     0x4  startup_stm32f103xe.o [1]
  .text              ro code  0x08005050     0x4  startup_stm32f103xe.o [1]
  .text              ro code  0x08005054     0x4  startup_stm32f103xe.o [1]
  .text              ro code  0x08005058     0x4  startup_stm32f103xe.o [1]
  .text              ro code  0x0800505c     0x4  startup_stm32f103xe.o [1]
  .text              ro code  0x08005060     0x4  startup_stm32f103xe.o [1]
  .text              ro code  0x08005064     0x4  startup_stm32f103xe.o [1]
  .text              ro code  0x08005068     0x4  startup_stm32f103xe.o [1]
  .text              ro code  0x0800506c     0x4  startup_stm32f103xe.o [1]
  .text              ro code  0x08005070     0x4  startup_stm32f103xe.o [1]
  .text              ro code  0x08005074     0x4  startup_stm32f103xe.o [1]
  .text              ro code  0x08005078     0x4  startup_stm32f103xe.o [1]
  .text              ro code  0x0800507c     0x4  startup_stm32f103xe.o [1]
  .text              ro code  0x08005080     0x4  startup_stm32f103xe.o [1]
  .text              ro code  0x08005084     0x4  startup_stm32f103xe.o [1]
  .text              ro code  0x08005088     0x4  startup_stm32f103xe.o [1]
  .text              ro code  0x0800508c     0x4  startup_stm32f103xe.o [1]
  .text              ro code  0x08005090     0x4  startup_stm32f103xe.o [1]
  .text              ro code  0x08005094     0x4  startup_stm32f103xe.o [1]
  .text              ro code  0x08005098     0x4  startup_stm32f103xe.o [1]
  .text              ro code  0x0800509c     0x4  startup_stm32f103xe.o [1]
  .text              ro code  0x080050a0     0x4  startup_stm32f103xe.o [1]
  .text              ro code  0x080050a4     0x4  startup_stm32f103xe.o [1]
  .text              ro code  0x080050a8     0x4  startup_stm32f103xe.o [1]
  .text              ro code  0x080050ac     0x4  startup_stm32f103xe.o [1]
  .text              ro code  0x080050b0     0x4  startup_stm32f103xe.o [1]
  .text              ro code  0x080050b4     0x4  startup_stm32f103xe.o [1]
  .text              ro code  0x080050b8     0x4  startup_stm32f103xe.o [1]
  .text              ro code  0x080050bc     0x4  startup_stm32f103xe.o [1]
  .text              ro code  0x080050c0     0x4  startup_stm32f103xe.o [1]
  .text              ro code  0x080050c4     0x4  startup_stm32f103xe.o [1]
  .text              ro code  0x080050c8     0x4  startup_stm32f103xe.o [1]
  .text              ro code  0x080050cc     0x4  startup_stm32f103xe.o [1]
  .text              ro code  0x080050d0     0x0  cstart_closeall.o [5]
  .rodata            const    0x080050d0     0x0  zero_init3.o [5]
  .rodata            const    0x080050d0     0x0  lz77_init_single.o [5]
  Initializer bytes  const    0x080050d0    0x92  <for P2-1>
                            - 0x08005162  0x5032

"P2", part 1 of 3:                         0x294
  P2-1                        0x20000000   0x294  <Init block>
    .data            inited   0x20000000    0x64  main.o [1]
    .data            inited   0x20000064    0x78  main.o [1]
    .data            inited   0x200000dc    0x78  main.o [1]
    .data            inited   0x20000154     0xc  stm32f1xx_hal.o [1]
    .data            inited   0x20000160     0x4  system_stm32f1xx.o [1]
    .data            inited   0x20000164    0x48  xfiles.o [3]
    .data            inited   0x200001ac    0x48  xfiles.o [3]
    .data            inited   0x200001f4    0x48  xfiles.o [3]
    .data            inited   0x2000023c    0x20  xfiles.o [3]
    .data            inited   0x2000025c    0x38  xlocale_c.o [3]
                            - 0x20000294   0x294

"P2", part 2 of 3:                         0x384
  .bss               zero     0x20000294    0x80  XShHandles.o [3]
  .bss               zero     0x20000314    0x6c  main.o [1]
  .bss               zero     0x20000380    0x68  main.o [1]
  .bss               zero     0x200003e8    0x5c  main.o [1]
  .bss               zero     0x20000444    0x5c  main.o [1]
  .bss               zero     0x200004a0    0x5c  main.o [1]
  .bss               zero     0x200004fc    0x50  xfiles.o [3]
  .bss               zero     0x2000054c    0x50  xfiles.o [3]
  .bss               zero     0x2000059c    0x30  main.o [1]
  .bss               zero     0x200005cc    0x30  main.o [1]
  .bss               zero     0x200005fc     0x8  main.o [1]
  .bss               zero     0x20000604     0x8  heap0.o [3]
  .bss               zero     0x2000060c     0x4  main.o [1]
  .bss               zero     0x20000610     0x4  xgetmemchunk.o [3]
  .bss               zero     0x20000614     0x4  xfail_s.o [3]
                            - 0x20000618   0x384

"P2", part 3 of 3:                        0x2000
  CSTACK                      0x20000618  0x1000  <Block>
    CSTACK           uninit   0x20000618  0x1000  <Block tail>
  HEAP                        0x20001618  0x1000  <Block>
    HEAP             uninit   0x20001618  0x1000  <Block tail>
                            - 0x20002618  0x2000


*******************************************************************************
*** INIT TABLE
***

          Address     Size
          -------     ----
Zero (__iar_zero_init3)
    1 destination range, total size 0x384:
          0x20000294  0x384

Copy/lz77 (__iar_lz77_init_single3)
    1 source range, total size 0x92 (22% of destination):
          0x080050d0   0x92
    1 destination range, total size 0x294:
          0x20000000  0x294



*******************************************************************************
*** MODULE SUMMARY
***

    Module                  ro code  ro data  rw data
    ------                  -------  -------  -------
C:\Users\seunghyun\Desktop\Dr.ONE\ARM\Dr.one\EWARM\Dr.one\Obj: [1]
    main.o                    3 248       75      936
    startup_stm32f103xe.o       552
    stm32f1xx_hal.o             168        2       12
    stm32f1xx_hal_adc.o         620
    stm32f1xx_hal_cortex.o      242
    stm32f1xx_hal_dma.o         272
    stm32f1xx_hal_gpio.o        720
    stm32f1xx_hal_msp.o         764
    stm32f1xx_hal_rcc.o       1 250
    stm32f1xx_hal_rcc_ex.o      232
    stm32f1xx_hal_tim.o       1 772
    stm32f1xx_hal_tim_ex.o      168
    stm32f1xx_hal_uart.o      1 126
    stm32f1xx_it.o               52
    system_stm32f1xx.o           92        9        4
    -------------------------------------------------
    Total:                   11 278       86      952

command line: [2]
    -------------------------------------------------
    Total:

dl7M_tlf.a: [3]
    XShHandles.o                204               128
    abort.o                       6
    exit.o                        4
    fclose.o                    126
    fflush.o                    172
    fputc.o                      84
    fseek.o                      36
    heap0.o                     320                 8
    heaptramp0.o                  4
    low_level_init.o              4
    printf.o                     40
    putchar.o                    12
    xcloseall.o                  60
    xfail_s.o                    64                 4
    xfgpos.o                     12
    xfiles.o                              55      408
    xfofind.o                   124
    xfspos.o                    216
    xfwprep.o                   180
    xgetmemchunk.o               44                 4
    xlocale_c.o                   8       17       56
    xprintflarge_nomb.o       3 114
    xprout.o                     22
    -------------------------------------------------
    Total:                    4 856       72      608

m7M_tl.a: [4]
    DblAdd.o                    376
    DblCmpLe.o                   46
    DblDiv.o                    582
    DblMul.o                    418
    DblSub.o                    226
    DblToFlt.o                  104
    DblToU32.o                   40
    FltAdd.o                    226
    FltCmpGe.o                   36
    FltCmpLe.o                   36
    FltDiv.o                    252
    FltMul.o                    216
    FltSub.o                    128
    FltToDbl.o                   72
    FltToS32.o                   42
    S32ToFlt.o                   36
    U32ToDbl.o                   26
    U32ToFlt.o                   28
    frexp.o                     112
    -------------------------------------------------
    Total:                    3 002

rt7M_tl.a: [5]
    ABImemcpy.o                 166
    I64DivMod.o                 558
    I64DivZer.o                   2
    cexit.o                      14
    cmain.o                      30
    cstart_closeall.o
    cstartup_M.o                 12
    data_init.o                  40
    lz77_init_single.o          122
    memchr.o                     88
    strchr.o                     22
    strlen.o                     54
    zero_init3.o                 64
    -------------------------------------------------
    Total:                    1 172

shb_l.a: [6]
    close.o                      24
    dwrite.o                     30
    exit.o                       20
    iarwrite.o                   34
    iarwstdswo.o                 80
    lseek.o                      74
    remove.o                     20
    write.o                      16
    -------------------------------------------------
    Total:                      298

    Gaps                         38
    Linker created                        32    8 192
-----------------------------------------------------
    Grand Total:             20 644      190    9 752


*******************************************************************************
*** ENTRY LIST
***

Entry                      Address   Size  Type      Object
-----                      -------   ----  ----      ------
.iar.init_table$$Base   0x08004f48          --   Gb  - Linker created -
.iar.init_table$$Limit  0x08004f68          --   Gb  - Linker created -
?main                   0x08004f69         Code  Gb  cmain.o [5]
ADC_ConversionStop_Disable
                        0x0800255d   0x44  Code  Gb  stm32f1xx_hal_adc.o [1]
AHBPrescTable           0x08004dfc   0x10  Data  Gb  system_stm32f1xx.o [1]
APBPrescTable           0x08004fdc    0x8  Data  Gb  system_stm32f1xx.o [1]
Aldata                  0x20000604    0x8  Data  Lc  heap0.o [3]
BusFault_Handler        0x08004ee3    0x2  Code  Gb  stm32f1xx_it.o [1]
CSTACK$$Base            0x20000618          --   Gb  - Linker created -
CSTACK$$Limit           0x20001618          --   Gb  - Linker created -
DebugMon_Handler        0x08004ee9    0x2  Code  Gb  stm32f1xx_it.o [1]
Fill_FlyingBuf          0x20000322    0x1  Data  Gb  main.o [1]
Fill_ReadyToFlyBuf      0x20000321    0x1  Data  Gb  main.o [1]
FlyingBuf               0x20000314    0xc  Data  Gb  main.o [1]
FlyingTempBuf           0x20000323    0x1  Data  Gb  main.o [1]
HAL_ADC_ConfigChannel   0x08002445   0xe4  Code  Gb  stm32f1xx_hal_adc.o [1]
HAL_ADC_Init            0x08002335  0x110  Code  Gb  stm32f1xx_hal_adc.o [1]
HAL_ADC_MspInit         0x080026d9   0x62  Code  Gb  stm32f1xx_hal_msp.o [1]
HAL_DMA_Abort_IT        0x080031b5   0xdc  Code  Gb  stm32f1xx_hal_dma.o [1]
HAL_Delay               0x08001a35   0x28  Code  Wk  stm32f1xx_hal.o [1]
HAL_GPIO_DeInit         0x08002ad7   0xe4  Code  Gb  stm32f1xx_hal_gpio.o [1]
HAL_GPIO_Init           0x08002941  0x196  Code  Gb  stm32f1xx_hal_gpio.o [1]
HAL_GPIO_ReadPin        0x08002bbb    0xc  Code  Gb  stm32f1xx_hal_gpio.o [1]
HAL_GPIO_WritePin       0x08002bc7    0xc  Code  Gb  stm32f1xx_hal_gpio.o [1]
HAL_GetTick             0x08001a5d    0xc  Code  Wk  stm32f1xx_hal.o [1]
HAL_IncTick             0x08004f11   0x10  Code  Wk  stm32f1xx_hal.o [1]
HAL_Init                0x08000de1   0x20  Code  Gb  stm32f1xx_hal.o [1]
HAL_InitTick            0x08003175   0x40  Code  Wk  stm32f1xx_hal.o [1]
HAL_MspInit             0x08002645   0x94  Code  Gb  stm32f1xx_hal_msp.o [1]
HAL_NVIC_DisableIRQ     0x080022bd    0x8  Code  Gb  stm32f1xx_hal_cortex.o [1]
HAL_NVIC_EnableIRQ      0x080022b3    0xa  Code  Gb  stm32f1xx_hal_cortex.o [1]
HAL_NVIC_SetPriority    0x08002279   0x3a  Code  Gb  stm32f1xx_hal_cortex.o [1]
HAL_NVIC_SetPriorityGrouping
                        0x0800225f   0x1a  Code  Gb  stm32f1xx_hal_cortex.o [1]
HAL_RCCEx_PeriphCLKConfig
                        0x08002159   0xda  Code  Gb  stm32f1xx_hal_rcc_ex.o [1]
HAL_RCC_ClockConfig     0x08001f91  0x10c  Code  Gb  stm32f1xx_hal_rcc.o [1]
HAL_RCC_GetHCLKFreq     0x080020ed    0x6  Code  Gb  stm32f1xx_hal_rcc.o [1]
HAL_RCC_GetPCLK1Freq    0x080020f3   0x10  Code  Gb  stm32f1xx_hal_rcc.o [1]
HAL_RCC_GetPCLK2Freq    0x08002103    0xe  Code  Gb  stm32f1xx_hal_rcc.o [1]
HAL_RCC_GetSysClockFreq
                        0x080020b1   0x3c  Code  Gb  stm32f1xx_hal_rcc.o [1]
HAL_RCC_GetSysClockFreq::aPLLMULFactorTable
                        0x08002144   0x10  Data  Lc  stm32f1xx_hal_rcc.o [1]
HAL_RCC_GetSysClockFreq::aPredivFactorTable
                        0x08002154    0x2  Data  Lc  stm32f1xx_hal_rcc.o [1]
HAL_RCC_OscConfig       0x08001c75  0x314  Code  Gb  stm32f1xx_hal_rcc.o [1]
HAL_SYSTICK_CLKSourceConfig
                        0x080022f7   0x1a  Code  Gb  stm32f1xx_hal_cortex.o [1]
HAL_SYSTICK_Config      0x080022cf   0x28  Code  Gb  stm32f1xx_hal_cortex.o [1]
HAL_SYSTICK_IRQHandler  0x0800232d    0x4  Code  Gb  stm32f1xx_hal_cortex.o [1]
HAL_TIMEx_BreakCallback
                        0x080032cd    0x2  Code  Wk  stm32f1xx_hal_tim_ex.o [1]
HAL_TIMEx_CommutationCallback
                        0x080032d1    0x2  Code  Wk  stm32f1xx_hal_tim_ex.o [1]
HAL_TIMEx_ConfigBreakDeadTime
                        0x080025a1   0x5a  Code  Gb  stm32f1xx_hal_tim_ex.o [1]
HAL_TIMEx_MasterConfigSynchronization
                        0x080025fb   0x4a  Code  Gb  stm32f1xx_hal_tim_ex.o [1]
HAL_TIM_Base_Start_IT   0x08001265   0x16  Code  Gb  stm32f1xx_hal_tim.o [1]
HAL_TIM_IC_CaptureCallback
                        0x08000b9b   0xe2  Code  Gb  main.o [1]
HAL_TIM_IC_ConfigChannel
                        0x080014cd  0x104  Code  Gb  stm32f1xx_hal_tim.o [1]
HAL_TIM_IC_Init         0x08001305   0x1a  Code  Gb  stm32f1xx_hal_tim.o [1]
HAL_TIM_IC_MspInit      0x08002797   0x58  Code  Gb  stm32f1xx_hal_msp.o [1]
HAL_TIM_IC_Start_IT     0x0800132f   0x38  Code  Gb  stm32f1xx_hal_tim.o [1]
HAL_TIM_IRQHandler      0x08001385  0x142  Code  Gb  stm32f1xx_hal_tim.o [1]
HAL_TIM_MspPostInit     0x080027ef   0x6a  Code  Gb  stm32f1xx_hal_msp.o [1]
HAL_TIM_PWM_ConfigChannel
                        0x080015d1   0xc0  Code  Gb  stm32f1xx_hal_tim.o [1]
HAL_TIM_PWM_Init        0x080012a5   0x1a  Code  Gb  stm32f1xx_hal_tim.o [1]
HAL_TIM_PWM_MspInit     0x08002747   0x50  Code  Gb  stm32f1xx_hal_msp.o [1]
HAL_TIM_PWM_Start       0x080012bf   0x14  Code  Gb  stm32f1xx_hal_tim.o [1]
HAL_UART_AbortCpltCallback
                        0x080019b9    0x2  Code  Wk  stm32f1xx_hal_uart.o [1]
HAL_UART_AbortReceive_IT
                        0x08000f03   0x38  Code  Gb  stm32f1xx_hal_uart.o [1]
HAL_UART_DeInit         0x08000e7d   0x20  Code  Gb  stm32f1xx_hal_uart.o [1]
HAL_UART_ErrorCallback  0x08000b87    0x2  Code  Gb  main.o [1]
HAL_UART_IRQHandler     0x08000f59  0x152  Code  Gb  stm32f1xx_hal_uart.o [1]
HAL_UART_Init           0x08000e05   0x1e  Code  Gb  stm32f1xx_hal_uart.o [1]
HAL_UART_MspDeInit      0x080028e5   0x2a  Code  Gb  stm32f1xx_hal_msp.o [1]
HAL_UART_MspInit        0x0800286f   0x76  Code  Gb  stm32f1xx_hal_msp.o [1]
HAL_UART_Receive_IT     0x08000e9d   0x54  Code  Gb  stm32f1xx_hal_uart.o [1]
HAL_UART_RxCpltCallback
                        0x08000b11   0x54  Code  Gb  main.o [1]
HEAP$$Base              0x20001618          --   Gb  - Linker created -
HEAP$$Limit             0x20002618          --   Gb  - Linker created -
HardFault_Handler       0x08004edf    0x2  Code  Gb  stm32f1xx_it.o [1]
LoadInt                 0x0800347f   0x7a  Code  Lc  xprintflarge_nomb.o [3]
MX_ADC1_Init            0x080004cd   0x4c  Code  Lc  main.o [1]
MX_ADC2_Init            0x08000519   0x34  Code  Lc  main.o [1]
MX_GPIO_Init            0x080007d7   0xe0  Code  Lc  main.o [1]
MX_TIM1_Init            0x0800058b   0xa0  Code  Lc  main.o [1]
MX_TIM2_Init            0x0800062b   0x64  Code  Lc  main.o [1]
MX_TIM3_Init            0x080006bb   0x70  Code  Lc  main.o [1]
MX_TIM4_Init            0x08000759   0x5e  Code  Lc  main.o [1]
MemManage_Handler       0x08004ee1    0x2  Code  Gb  stm32f1xx_it.o [1]
NMI_Handler             0x08004edd    0x2  Code  Gb  stm32f1xx_it.o [1]
NVIC_SetPriority        0x08002241   0x1e  Code  Lc  stm32f1xx_hal_cortex.o [1]
PendSV_Handler          0x08004eeb    0x2  Code  Gb  stm32f1xx_it.o [1]
ReadyToFlyBuf           0x20000380   0x28  Data  Gb  main.o [1]
ReadyToFlyCounter       0x2000037c    0x4  Data  Gb  main.o [1]
ReadyToFlyTempBuf       0x2000001c    0x1  Data  Gb  main.o [1]
Region$$Table$$Base     0x08004f48          --   Gb  - Linker created -
Region$$Table$$Limit    0x08004f68          --   Gb  - Linker created -
SVC_Handler             0x08004ee7    0x2  Code  Gb  stm32f1xx_it.o [1]
SysTick_Handler         0x08004eed    0xe  Code  Gb  stm32f1xx_it.o [1]
SystemClock_Config      0x08000447   0x86  Code  Gb  main.o [1]
SystemCoreClock         0x20000160    0x4  Data  Gb  system_stm32f1xx.o [1]
SystemInit              0x08004db1   0x3a  Code  Gb  system_stm32f1xx.o [1]
TIM3_IRQHandler         0x08004efb    0x6  Code  Gb  stm32f1xx_it.o [1]
TIM_Base_SetConfig      0x080016bf   0x74  Code  Gb  stm32f1xx_hal_tim.o [1]
TIM_CCxChannelCmd       0x08001931   0x12  Code  Gb  stm32f1xx_hal_tim.o [1]
TIM_OC1_SetConfig       0x08001733   0x52  Code  Lc  stm32f1xx_hal_tim.o [1]
TIM_OC2_SetConfig       0x08001785   0x60  Code  Gb  stm32f1xx_hal_tim.o [1]
TIM_OC3_SetConfig       0x080017e5   0x58  Code  Lc  stm32f1xx_hal_tim.o [1]
TIM_OC4_SetConfig       0x08001849   0x46  Code  Lc  stm32f1xx_hal_tim.o [1]
TIM_TI1_SetConfig       0x0800188f   0x5a  Code  Gb  stm32f1xx_hal_tim.o [1]
TIM_TI2_SetConfig       0x080018fd   0x34  Code  Lc  stm32f1xx_hal_tim.o [1]
UART_DMAAbortOnError    0x080010c9    0xc  Code  Lc  stm32f1xx_hal_uart.o [1]
UART_DMARxOnlyAbortCallback
                        0x080010d5   0x12  Code  Lc  stm32f1xx_hal_uart.o [1]
UART_EndRxTransfer      0x080010ab   0x1c  Code  Lc  stm32f1xx_hal_uart.o [1]
UART_Receive_IT         0x080010e7   0x96  Code  Lc  stm32f1xx_hal_uart.o [1]
UART_SetConfig          0x0800117d   0xde  Code  Lc  stm32f1xx_hal_uart.o [1]
USART3_IRQHandler       0x08004f01    0x6  Code  Gb  stm32f1xx_it.o [1]
USART_ClearITPendingBit
                        0x08000b89   0x12  Code  Gb  main.o [1]
UsageFault_Handler      0x08004ee5    0x2  Code  Gb  stm32f1xx_it.o [1]
_Close_all              0x08004ea1   0x3c  Code  Gb  xcloseall.o [3]
_Files                  0x2000023c   0x20  Data  Gb  xfiles.o [3]
_Fofree                 0x08004d05   0x78  Code  Gb  xfofind.o [3]
_Fspos                  0x08004865   0xd8  Code  Gb  xfspos.o [3]
_Fwprep                 0x08004baf   0xb4  Code  Gb  xfwprep.o [3]
_GenldLargeNoMb         0x08003c21  0x248  Code  Lc  xprintflarge_nomb.o [3]
_LdtobLargeNoMb         0x080039b9  0x240  Code  Lc  xprintflarge_nomb.o [3]
_LitobLargeNoMb         0x08003861  0x112  Code  Lc  xprintflarge_nomb.o [3]
_Locale_lconv           0x2000025c   0x38  Data  Lc  xlocale_c.o [3]
_Nnl                    0x080049e9    0xc  Code  Gb  xfgpos.o [3]
_PrintfLargeNoMb        0x080032d5  0x1a4  Code  Gb  xprintflarge_nomb.o [3]
_Prout                  0x08004f9f   0x16  Code  Gb  xprout.o [3]
_PutcharsLargeNoMb      0x08003e69   0x2e  Code  Lc  xprintflarge_nomb.o [3]
_PutfldLargeNoMb        0x080034f9  0x25c  Code  Lc  xprintflarge_nomb.o [3]
_PuttxtLargeNoMb        0x08003755  0x10c  Code  Lc  xprintflarge_nomb.o [3]
__aeabi_cdcmple         0x08004415         Code  Gb  DblCmpLe.o [4]
__aeabi_cfcmple         0x08002c91         Code  Gb  FltCmpLe.o [4]
__aeabi_cfrcmple        0x08002cb5         Code  Gb  FltCmpGe.o [4]
__aeabi_d2f             0x08001a69         Code  Gb  DblToFlt.o [4]
__aeabi_d2uiz           0x0800468d         Code  Gb  DblToU32.o [4]
__aeabi_dadd            0x08002ffd         Code  Gb  DblAdd.o [4]
__aeabi_ddiv            0x08004445         Code  Gb  DblDiv.o [4]
__aeabi_dmul            0x08001ad1         Code  Gb  DblMul.o [4]
__aeabi_dsub            0x08003f01         Code  Gb  DblSub.o [4]
__aeabi_f2d             0x08001971         Code  Gb  FltToDbl.o [4]
__aeabi_f2iz            0x08002f91         Code  Gb  FltToS32.o [4]
__aeabi_fadd            0x08002cd9         Code  Gb  FltAdd.o [4]
__aeabi_fdiv            0x08002e95         Code  Gb  FltDiv.o [4]
__aeabi_fmul            0x08002dbd         Code  Gb  FltMul.o [4]
__aeabi_fsub            0x08002c11         Code  Gb  FltSub.o [4]
__aeabi_i2f             0x08002fd9         Code  Gb  S32ToFlt.o [4]
__aeabi_ldiv0           0x080046e1         Code  Gb  I64DivZer.o [5]
__aeabi_memcpy          0x080042fd         Code  Gb  ABImemcpy.o [5]
__aeabi_memcpy4         0x0800431d         Code  Gb  ABImemcpy.o [5]
__aeabi_memcpy8         0x0800431d         Code  Gb  ABImemcpy.o [5]
__aeabi_ui2d            0x080046b5         Code  Gb  U32ToDbl.o [4]
__aeabi_ui2f            0x08002fbd         Code  Gb  U32ToFlt.o [4]
__aeabi_uldivmod        0x080040cd         Code  Gb  I64DivMod.o [5]
__basic_free            0x080047a5   0x16  Code  Gb  heap0.o [3]
__basic_free_intern     0x080047bb   0x7a  Code  Lc  heap0.o [3]
__basic_malloc          0x080046f9   0x18  Code  Gb  heap0.o [3]
__basic_malloc_intern   0x08004711   0x94  Code  Lc  heap0.o [3]
__cexit_closeall        0x08004f93         Code  Gb  cexit.o [5]
__close                 0x08004d85   0x18  Code  Gb  close.o [6]
__cmain                 0x08004f69         Code  Gb  cmain.o [5]
__cstart_closeall       0x080050d0         Data  Gb  cstart_closeall.o [5]
__data_GetMemChunk      0x08004839   0x2c  Code  Gb  xgetmemchunk.o [3]
__data_GetMemChunk::start
                        0x20000610    0x4  Data  Lc  xgetmemchunk.o [3]
__dwrite                0x08004b1d   0x1e  Code  Gb  dwrite.o [6]
__exit                  0x080046e5   0x14  Code  Gb  exit.o [6]
__iar_Fail_s            0x08003ffd   0x1c  Code  Gb  xfail_s.o [3]
__iar_Memchr            0x08004075         Code  Gb  memchr.o [5]
__iar_Stderr            0x200001f4   0x48  Data  Gb  xfiles.o [3]
__iar_Stdin             0x20000164   0x48  Data  Gb  xfiles.o [3]
__iar_Stdout            0x200001ac   0x48  Data  Gb  xfiles.o [3]
__iar_Strchr            0x08003fe5         Code  Gb  strchr.o [5]
__iar_dadd              0x08003f11         Code  Gb  DblSub.o [4]
__iar_data_init3        0x08004f21   0x28  Code  Gb  data_init.o [5]
__iar_dsub              0x0800300d         Code  Gb  DblAdd.o [4]
__iar_dsubStart         0x0800301f         Code  Gb  DblAdd.o [4]
__iar_fadd              0x08002c1d         Code  Gb  FltSub.o [4]
__iar_frexp             0x080043b1         Code  Gb  frexp.o [4]
__iar_frexp64           0x080043a5         Code  Gb  frexp.o [4]
__iar_frexpl            0x080043b1         Code  Gb  frexp.o [4]
__iar_fsub              0x08002ce5         Code  Gb  FltAdd.o [4]
__iar_fsubStart         0x08002cf5         Code  Gb  FltAdd.o [4]
__iar_lz77_init_single3
                        0x080019bb   0x7a  Code  Gb  lz77_init_single.o [5]
__iar_program_start     0x08004fd1         Code  Gb  cstartup_M.o [5]
__iar_sh_Discard        0x08004a51   0x42  Code  Gb  XShHandles.o [3]
__iar_sh_Move           0x08004a93   0x46  Code  Gb  XShHandles.o [3]
__iar_sh_Pos            0x08004ad9   0x3e  Code  Gb  XShHandles.o [3]
__iar_sh_stdout_swo     0x08004b3d   0x50  Code  Gb  iarwstdswo.o [6]
__iar_sh_write          0x08004b8d   0x22  Code  Gb  iarwrite.o [6]
__iar_systems$$module {Abs}
                        0x00000001         Data  Gb  command line/config [2]
__iar_zero_init3        0x08004e61   0x40  Code  Gb  zero_init3.o [5]
__low_level_init        0x08004f87    0x4  Code  Gb  low_level_init.o [3]
__lseek                 0x080049f5   0x4a  Code  Gb  lseek.o [6]
__vector_table          0x08000000         Data  Gb  startup_stm32f103xe.o [1]
__write                 0x08004a3f   0x10  Code  Gb  write.o [6]
_call_main              0x08004f75         Code  Gb  cmain.o [5]
_exit                   0x08004f91         Code  Gb  cexit.o [5]
_main                   0x08004f83         Code  Gb  cmain.o [5]
abort                   0x080046d9    0x6  Code  Gb  abort.o [3]
ch0                     0x20000000   0x1c  Data  Gb  main.o [1]
ch1                     0x200003e8   0x1c  Data  Gb  main.o [1]
ch2                     0x20000444   0x1c  Data  Gb  main.o [1]
ch3                     0x200004a0   0x1c  Data  Gb  main.o [1]
checkSum                0x08000b65   0x22  Code  Gb  main.o [1]
dc0                     0x20000020   0x10  Data  Gb  main.o [1]
dc1                     0x20000030   0x10  Data  Gb  main.o [1]
dc2                     0x20000040   0x10  Data  Gb  main.o [1]
dc3                     0x20000050   0x10  Data  Gb  main.o [1]
ebuf                    0x200004fc   0x50  Data  Lc  xfiles.o [3]
entPidGain              0x08000a99   0x4a  Code  Gb  main.o [1]
exit                    0x08004f8b    0x4  Code  Gb  exit.o [3]
fclose                  0x08004c87   0x7e  Code  Gb  fclose.o [3]
fflush                  0x080049b1   0x34  Code  Gb  fflush.o [3]
fflushOne               0x0800493d   0x74  Code  Lc  fflush.o [3]
fputc                   0x08004e0d   0x54  Code  Gb  fputc.o [3]
free                    0x08004d81    0x4  Code  Gb  heaptramp0.o [3]
frexp                   0x080043a5         Code  Gb  frexp.o [4]
frexpl                  0x080043a5         Code  Gb  frexp.o [4]
fseek                   0x08004c63   0x24  Code  Gb  fseek.o [3]
getMvAverage            0x08000d59   0x58  Code  Gb  main.o [1]
hadc1                   0x2000059c   0x30  Data  Gb  main.o [1]
hadc2                   0x200005cc   0x30  Data  Gb  main.o [1]
htim1                   0x20000404   0x40  Data  Gb  main.o [1]
htim2                   0x20000460   0x40  Data  Gb  main.o [1]
htim3                   0x200004bc   0x40  Data  Gb  main.o [1]
htim4                   0x200003a8   0x40  Data  Gb  main.o [1]
huart3                  0x2000033c   0x40  Data  Gb  main.o [1]
localeconv              0x080046d1    0x4  Code  Gb  xlocale_c.o [3]
main                    0x08000131  0x302  Code  Gb  main.o [1]
memchr                  0x08004075         Code  Gb  memchr.o [5]
obuf                    0x2000054c   0x50  Data  Lc  xfiles.o [3]
pid0                    0x20000064   0x3c  Data  Gb  main.o [1]
pid1                    0x200000a0   0x3c  Data  Gb  main.o [1]
pid2                    0x200000dc   0x3c  Data  Gb  main.o [1]
pid3                    0x20000118   0x3c  Data  Gb  main.o [1]
pitch                   0x2000032c    0x8  Data  Gb  main.o [1]
printf                  0x08001949   0x28  Code  Gb  printf.o [3]
putchar                 0x08004fb5    0xc  Code  Gb  putchar.o [3]
remove                  0x08004d9d   0x14  Code  Gb  remove.o [6]
roll                    0x20000324    0x8  Data  Gb  main.o [1]
sFileInfo               0x20000294   0x80  Data  Lc  XShHandles.o [3]
scale                   0x08003973   0x46  Code  Lc  xprintflarge_nomb.o [3]
sec_hand                0x20000614    0x4  Data  Lc  xfail_s.o [3]
sepControl              0x08000ae3   0x2e  Code  Gb  main.o [1]
sepPidGain              0x080009ad   0x3c  Code  Gb  main.o [1]
setPidDC                0x080008cf   0xde  Code  Gb  main.o [1]
set_polarity            0x08000d3d   0x1c  Code  Lc  main.o [1]
startFlying             0x20000320    0x1  Data  Gb  main.o [1]
strchr                  0x08003fe5         Code  Gb  strchr.o [5]
strlen                  0x0800403d         Code  Gb  strlen.o [5]
sumPidGain              0x080009e9   0x98  Code  Gb  main.o [1]
targetDeg               0x2000060c    0x4  Data  Gb  main.o [1]
throttle                0x20000334    0x8  Data  Gb  main.o [1]
timer2Tick              0x20000060    0x4  Data  Lc  main.o [1]
uwTick                  0x20000158    0x4  Data  Gb  stm32f1xx_hal.o [1]
uwTickFreq              0x20000154    0x1  Data  Gb  stm32f1xx_hal.o [1]
uwTickPrio              0x2000015c    0x4  Data  Gb  stm32f1xx_hal.o [1]
yaw                     0x200005fc    0x8  Data  Gb  main.o [1]


[1] = C:\Users\seunghyun\Desktop\Dr.ONE\ARM\Dr.one\EWARM\Dr.one\Obj
[2] = command line
[3] = dl7M_tlf.a
[4] = m7M_tl.a
[5] = rt7M_tl.a
[6] = shb_l.a

  20 644 bytes of readonly  code memory
     190 bytes of readonly  data memory
   9 752 bytes of readwrite data memory

Errors: none
Warnings: none
