###############################################################################
#
# IAR ELF Linker V8.22.1.15669/W32 for ARM                21/Nov/2018  23:50:49
# Copyright 2007-2018 IAR Systems AB.
#
#    Output file  =  
#        C:\Users\seunghyun\Desktop\Dr.ONE\ARM\Dr.one\EWARM\Dr.one\Exe\Dr.one.out
#    Map file     =  
#        C:\Users\seunghyun\Desktop\Dr.ONE\ARM\Dr.one\EWARM\Dr.one\List\Dr.one.map
#    Command line =  
#        -f C:\Users\SEUNGH~1\AppData\Local\Temp\EWD682.tmp
#        (C:\Users\seunghyun\Desktop\Dr.ONE\ARM\Dr.one\EWARM\Dr.one\Obj\main.o
#        C:\Users\seunghyun\Desktop\Dr.ONE\ARM\Dr.one\EWARM\Dr.one\Obj\startup_stm32f103xe.o
#        C:\Users\seunghyun\Desktop\Dr.ONE\ARM\Dr.one\EWARM\Dr.one\Obj\stm32f1xx_hal.o
#        C:\Users\seunghyun\Desktop\Dr.ONE\ARM\Dr.one\EWARM\Dr.one\Obj\stm32f1xx_hal_adc.o
#        C:\Users\seunghyun\Desktop\Dr.ONE\ARM\Dr.one\EWARM\Dr.one\Obj\stm32f1xx_hal_adc_ex.o
#        C:\Users\seunghyun\Desktop\Dr.ONE\ARM\Dr.one\EWARM\Dr.one\Obj\stm32f1xx_hal_cortex.o
#        C:\Users\seunghyun\Desktop\Dr.ONE\ARM\Dr.one\EWARM\Dr.one\Obj\stm32f1xx_hal_dma.o
#        C:\Users\seunghyun\Desktop\Dr.ONE\ARM\Dr.one\EWARM\Dr.one\Obj\stm32f1xx_hal_flash.o
#        C:\Users\seunghyun\Desktop\Dr.ONE\ARM\Dr.one\EWARM\Dr.one\Obj\stm32f1xx_hal_flash_ex.o
#        C:\Users\seunghyun\Desktop\Dr.ONE\ARM\Dr.one\EWARM\Dr.one\Obj\stm32f1xx_hal_gpio.o
#        C:\Users\seunghyun\Desktop\Dr.ONE\ARM\Dr.one\EWARM\Dr.one\Obj\stm32f1xx_hal_gpio_ex.o
#        C:\Users\seunghyun\Desktop\Dr.ONE\ARM\Dr.one\EWARM\Dr.one\Obj\stm32f1xx_hal_msp.o
#        C:\Users\seunghyun\Desktop\Dr.ONE\ARM\Dr.one\EWARM\Dr.one\Obj\stm32f1xx_hal_pwr.o
#        C:\Users\seunghyun\Desktop\Dr.ONE\ARM\Dr.one\EWARM\Dr.one\Obj\stm32f1xx_hal_rcc.o
#        C:\Users\seunghyun\Desktop\Dr.ONE\ARM\Dr.one\EWARM\Dr.one\Obj\stm32f1xx_hal_rcc_ex.o
#        C:\Users\seunghyun\Desktop\Dr.ONE\ARM\Dr.one\EWARM\Dr.one\Obj\stm32f1xx_hal_tim.o
#        C:\Users\seunghyun\Desktop\Dr.ONE\ARM\Dr.one\EWARM\Dr.one\Obj\stm32f1xx_hal_tim_ex.o
#        C:\Users\seunghyun\Desktop\Dr.ONE\ARM\Dr.one\EWARM\Dr.one\Obj\stm32f1xx_hal_uart.o
#        C:\Users\seunghyun\Desktop\Dr.ONE\ARM\Dr.one\EWARM\Dr.one\Obj\stm32f1xx_it.o
#        C:\Users\seunghyun\Desktop\Dr.ONE\ARM\Dr.one\EWARM\Dr.one\Obj\system_stm32f1xx.o
#        -o
#        C:\Users\seunghyun\Desktop\Dr.ONE\ARM\Dr.one\EWARM\Dr.one\Exe\Dr.one.out
#        --map
#        C:\Users\seunghyun\Desktop\Dr.ONE\ARM\Dr.one\EWARM\Dr.one\List\Dr.one.map
#        --config "C:\Program Files (x86)\IAR Systems\Embedded Workbench
#        8.0\arm\config\linker\ST\stm32f103xE.icf" --semihosting --entry
#        __iar_program_start --redirect __iar_sh_stdout=__iar_sh_stdout_swo
#        --vfe --text_out locale)
#
###############################################################################

*******************************************************************************
*** RUNTIME MODEL ATTRIBUTES
***

CppFlavor       = *
__Heap_Handler  = Basic
__SystemLibrary = DLib
__dlib_version  = 6


*******************************************************************************
*** HEAP SELECTION
***

The basic heap was selected because no calls to memory allocation
functions were found in the application outside of system library
functions, and there are calls to deallocation functions in the
application.


*******************************************************************************
*** PLACEMENT SUMMARY
***

"A0":  place at 0x08000000 { ro section .intvec };
"P1":  place in [from 0x08000000 to 0x0807ffff] { ro };
define block CSTACK with size = 4K, alignment = 8 { };
define block HEAP with size = 4K, alignment = 8 { };
"P2":  place in [from 0x20000000 to 0x2000ffff] {
          rw, block CSTACK, block HEAP };
initialize by copy { rw };

  Section            Kind        Address    Size  Object
  -------            ----        -------    ----  ------
"A0":                                      0x130
  .intvec            ro code  0x08000000   0x130  startup_stm32f103xe.o [1]
                            - 0x08000130   0x130

"P1":                                     0x44b5
  .text              ro code  0x08000130  0x11a4  main.o [1]
  .text              ro code  0x080012d4    0x24  stm32f1xx_hal.o [1]
  .text              ro code  0x080012f8   0x3d8  stm32f1xx_hal_uart.o [1]
  .text              ro code  0x080016d0   0x6e4  stm32f1xx_hal_tim.o [1]
  .text              ro code  0x08001db4   0x15c  stm32f1xx_hal_flash.o [1]
  .text              ro code  0x08001f10    0x28  printf.o [3]
  .text              ro code  0x08001f38    0x28  stm32f1xx_hal.o [1]
  .text              ro code  0x08001f60   0x1ec  stm32f1xx_hal_gpio.o [1]
  .text              ro code  0x0800214c    0x1c  FltCmpEq.o [4]
  .text              ro code  0x08002168    0xd8  stm32f1xx_hal_flash_ex.o [1]
  .text              ro code  0x08002240    0x2a  FltToS32.o [4]
  .text              ro code  0x0800226a     0x8  abs.o [3]
  .text              ro code  0x08002272    0x7a  lz77_init_single.o [5]
  .text              ro code  0x080022ec    0x22  S32ToDbl.o [4]
  .text              ro code  0x08002310    0x48  FltToDbl.o [4]
  .text              ro code  0x08002358    0x24  FltCmpGe.o [4]
  .text              ro code  0x0800237c   0x1a2  DblMul.o [4]
  .text              ro code  0x08002520    0xe2  DblSub.o [4]
  .text              ro code  0x08002604    0x3a  DblToS32.o [4]
  .text              ro code  0x08002640   0x178  DblAdd.o [4]
  .text              ro code  0x080027b8    0xd8  FltMul.o [4]
  .text              ro code  0x08002890    0xfc  FltDiv.o [4]
  .text              ro code  0x0800298c    0x1c  U32ToFlt.o [4]
  .text              ro code  0x080029a8   0x4e2  stm32f1xx_hal_rcc.o [1]
  .text              ro code  0x08002e8c    0xe8  stm32f1xx_hal_rcc_ex.o [1]
  .text              ro code  0x08002f74    0xe6  stm32f1xx_hal_cortex.o [1]
  .text              ro code  0x0800305c   0x26c  stm32f1xx_hal_adc.o [1]
  .text              ro code  0x080032c8    0xa4  stm32f1xx_hal_tim_ex.o [1]
  .text              ro code  0x0800336c   0x2d0  stm32f1xx_hal_msp.o [1]
  .text              ro code  0x0800363c    0x24  S32ToFlt.o [4]
  .text              ro code  0x08003660    0x80  FltSub.o [4]
  .text              ro code  0x080036e0    0xe2  FltAdd.o [4]
  .text              ro code  0x080037c4    0x24  FltCmpLe.o [4]
  .text              ro code  0x080037e8    0x68  DblToFlt.o [4]
  .text              ro code  0x08003850    0x40  stm32f1xx_hal.o [1]
  .text              ro code  0x08003890   0x110  stm32f1xx_hal_dma.o [1]
  .text              ro code  0x080039a0     0x2  stm32f1xx_hal_uart.o [1]
  .text              ro code  0x080039a2     0x2  stm32f1xx_hal_tim.o [1]
  .text              ro code  0x080039a4     0x2  stm32f1xx_hal_tim.o [1]
  .text              ro code  0x080039a6     0x2  stm32f1xx_hal_tim_ex.o [1]
  .text              ro code  0x080039a8     0x2  stm32f1xx_hal_tim.o [1]
  .text              ro code  0x080039aa     0x2  stm32f1xx_hal_tim_ex.o [1]
  .text              ro code  0x080039ac     0x2  stm32f1xx_hal_tim.o [1]
  .text              ro code  0x080039b0    0x1e  U64Shr.o [5]
  .text              ro code  0x080039d0     0xc  stm32f1xx_hal.o [1]
  .text              ro code  0x080039dc   0x142  xprintftiny.o [3]
  .text              ro code  0x08003b20    0x36  strlen.o [5]
  .text              ro code  0x08003b58   0x140  heap0.o [3]
  .text              ro code  0x08003c98    0x2c  xgetmemchunk.o [3]
  .text              ro code  0x08003cc4    0xd8  xfspos.o [3]
  .text              ro code  0x08003d9c    0xac  fflush.o [3]
  .text              ro code  0x08003e48     0xc  xfgpos.o [3]
  .text              ro code  0x08003e54    0x4a  lseek.o [6]
  .text              ro code  0x08003e9e    0x10  write.o [6]
  .text              ro code  0x08003eb0    0xcc  XShHandles.o [3]
  .text              ro code  0x08003f7c    0x1e  dwrite.o [6]
  .text              ro code  0x08003f9c    0x50  iarwstdswo.o [6]
  .text              ro code  0x08003fec    0x22  iarwrite.o [6]
  .text              ro code  0x0800400e    0xb4  xfwprep.o [3]
  .text              ro code  0x080040c2    0x24  fseek.o [3]
  .text              ro code  0x080040e6    0x7e  fclose.o [3]
  .text              ro code  0x08004164    0x7c  xfofind.o [3]
  .text              ro code  0x080041e0     0x4  heaptramp0.o [3]
  .text              ro code  0x080041e4    0x18  close.o [6]
  .text              ro code  0x080041fc    0x14  remove.o [6]
  .text              ro code  0x08004210    0x5c  system_stm32f1xx.o [1]
  .text              ro code  0x0800426c    0x54  fputc.o [3]
  .text              ro code  0x080042c0    0x40  zero_init3.o [5]
  .text              ro code  0x08004300    0x3c  xcloseall.o [3]
  .text              ro code  0x0800433c    0x34  stm32f1xx_it.o [1]
  .text              ro code  0x08004370    0x10  stm32f1xx_hal.o [1]
  .text              ro code  0x08004380    0x28  data_init.o [5]
  .iar.init_table    const    0x080043a8    0x20  - Linker created -
  .text              ro code  0x080043c8    0x1e  cmain.o [5]
  .text              ro code  0x080043e6     0x4  low_level_init.o [3]
  .text              ro code  0x080043ea     0x4  exit.o [3]
  .text              ro code  0x080043f0     0xe  cexit.o [5]
  .text              ro code  0x08004400    0x14  exit.o [6]
  .text              ro code  0x08004414    0x16  xprout.o [3]
  .text              ro code  0x0800442c     0xc  putchar.o [3]
  .text              ro code  0x08004438    0x10  startup_stm32f103xe.o [1]
  .text              ro code  0x08004448     0xc  cstartup_M.o [5]
  .rodata            const    0x08004454     0x8  system_stm32f1xx.o [1]
  .text              ro code  0x0800445c     0x4  startup_stm32f103xe.o [1]
  .text              ro code  0x08004460     0x4  startup_stm32f103xe.o [1]
  .text              ro code  0x08004464     0x4  startup_stm32f103xe.o [1]
  .text              ro code  0x08004468     0x4  startup_stm32f103xe.o [1]
  .text              ro code  0x0800446c     0x4  startup_stm32f103xe.o [1]
  .text              ro code  0x08004470     0x4  startup_stm32f103xe.o [1]
  .text              ro code  0x08004474     0x4  startup_stm32f103xe.o [1]
  .text              ro code  0x08004478     0x4  startup_stm32f103xe.o [1]
  .text              ro code  0x0800447c     0x4  startup_stm32f103xe.o [1]
  .text              ro code  0x08004480     0x4  startup_stm32f103xe.o [1]
  .text              ro code  0x08004484     0x4  startup_stm32f103xe.o [1]
  .text              ro code  0x08004488     0x4  startup_stm32f103xe.o [1]
  .text              ro code  0x0800448c     0x4  startup_stm32f103xe.o [1]
  .text              ro code  0x08004490     0x4  startup_stm32f103xe.o [1]
  .text              ro code  0x08004494     0x4  startup_stm32f103xe.o [1]
  .text              ro code  0x08004498     0x4  startup_stm32f103xe.o [1]
  .text              ro code  0x0800449c     0x4  startup_stm32f103xe.o [1]
  .text              ro code  0x080044a0     0x4  startup_stm32f103xe.o [1]
  .text              ro code  0x080044a4     0x4  startup_stm32f103xe.o [1]
  .text              ro code  0x080044a8     0x4  startup_stm32f103xe.o [1]
  .text              ro code  0x080044ac     0x4  startup_stm32f103xe.o [1]
  .text              ro code  0x080044b0     0x4  startup_stm32f103xe.o [1]
  .text              ro code  0x080044b4     0x4  startup_stm32f103xe.o [1]
  .text              ro code  0x080044b8     0x4  startup_stm32f103xe.o [1]
  .text              ro code  0x080044bc     0x4  startup_stm32f103xe.o [1]
  .text              ro code  0x080044c0     0x4  startup_stm32f103xe.o [1]
  .text              ro code  0x080044c4     0x4  startup_stm32f103xe.o [1]
  .text              ro code  0x080044c8     0x4  startup_stm32f103xe.o [1]
  .text              ro code  0x080044cc     0x4  startup_stm32f103xe.o [1]
  .text              ro code  0x080044d0     0x4  startup_stm32f103xe.o [1]
  .text              ro code  0x080044d4     0x4  startup_stm32f103xe.o [1]
  .text              ro code  0x080044d8     0x4  startup_stm32f103xe.o [1]
  .text              ro code  0x080044dc     0x4  startup_stm32f103xe.o [1]
  .text              ro code  0x080044e0     0x4  startup_stm32f103xe.o [1]
  .text              ro code  0x080044e4     0x4  startup_stm32f103xe.o [1]
  .text              ro code  0x080044e8     0x4  startup_stm32f103xe.o [1]
  .text              ro code  0x080044ec     0x4  startup_stm32f103xe.o [1]
  .text              ro code  0x080044f0     0x4  startup_stm32f103xe.o [1]
  .text              ro code  0x080044f4     0x4  startup_stm32f103xe.o [1]
  .text              ro code  0x080044f8     0x4  startup_stm32f103xe.o [1]
  .text              ro code  0x080044fc     0x4  startup_stm32f103xe.o [1]
  .text              ro code  0x08004500     0x4  startup_stm32f103xe.o [1]
  .text              ro code  0x08004504     0x4  startup_stm32f103xe.o [1]
  .text              ro code  0x08004508     0x4  startup_stm32f103xe.o [1]
  .text              ro code  0x0800450c     0x4  startup_stm32f103xe.o [1]
  .text              ro code  0x08004510     0x4  startup_stm32f103xe.o [1]
  .text              ro code  0x08004514     0x4  startup_stm32f103xe.o [1]
  .text              ro code  0x08004518     0x4  startup_stm32f103xe.o [1]
  .text              ro code  0x0800451c     0x4  startup_stm32f103xe.o [1]
  .text              ro code  0x08004520     0x4  startup_stm32f103xe.o [1]
  .text              ro code  0x08004524     0x4  startup_stm32f103xe.o [1]
  .text              ro code  0x08004528     0x4  startup_stm32f103xe.o [1]
  .text              ro code  0x0800452c     0x4  startup_stm32f103xe.o [1]
  .text              ro code  0x08004530     0x4  startup_stm32f103xe.o [1]
  .text              ro code  0x08004534     0x4  startup_stm32f103xe.o [1]
  .text              ro code  0x08004538     0x4  startup_stm32f103xe.o [1]
  .text              ro code  0x0800453c     0x4  startup_stm32f103xe.o [1]
  .text              ro code  0x08004540     0x4  startup_stm32f103xe.o [1]
  .text              ro code  0x08004544     0x0  cstart_closeall.o [5]
  .rodata            const    0x08004544     0x0  zero_init3.o [5]
  .rodata            const    0x08004544     0x0  lz77_init_single.o [5]
  Initializer bytes  const    0x08004544    0xa0  <for P2-1>
                            - 0x080045e4  0x44b4

"P2", part 1 of 3:                         0x314
  P2-1                        0x20000000   0x314  <Init block>
    .data            inited   0x20000000    0x6c  main.o [1]
    .data            inited   0x2000006c    0x58  main.o [1]
    .data            inited   0x200000c4    0x78  main.o [1]
    .data            inited   0x2000013c    0x78  main.o [1]
    .data            inited   0x200001b4    0x58  main.o [1]
    .data            inited   0x2000020c     0xc  stm32f1xx_hal.o [1]
    .data            inited   0x20000218     0x4  system_stm32f1xx.o [1]
    .data            inited   0x2000021c    0x48  xfiles.o [3]
    .data            inited   0x20000264    0x48  xfiles.o [3]
    .data            inited   0x200002ac    0x48  xfiles.o [3]
    .data            inited   0x200002f4    0x20  xfiles.o [3]
                            - 0x20000314   0x314

"P2", part 2 of 3:                         0x398
  .bss               zero     0x20000314    0x80  XShHandles.o [3]
  .bss               zero     0x20000394    0x6c  main.o [1]
  .bss               zero     0x20000400    0x68  main.o [1]
  .bss               zero     0x20000468    0x68  main.o [1]
  .bss               zero     0x200004d0    0x68  main.o [1]
  .bss               zero     0x20000538    0x50  xfiles.o [3]
  .bss               zero     0x20000588    0x50  xfiles.o [3]
  .bss               zero     0x200005d8    0x44  main.o [1]
  .bss               zero     0x2000061c    0x30  main.o [1]
  .bss               zero     0x2000064c    0x30  main.o [1]
  .bss               zero     0x20000680    0x20  stm32f1xx_hal_flash.o [1]
  .bss               zero     0x200006a0     0x8  heap0.o [3]
  .bss               zero     0x200006a8     0x4  xgetmemchunk.o [3]
                            - 0x200006ac   0x398

"P2", part 3 of 3:                        0x2000
  CSTACK                      0x200006b0  0x1000  <Block>
    CSTACK           uninit   0x200006b0  0x1000  <Block tail>
  HEAP                        0x200016b0  0x1000  <Block>
    HEAP             uninit   0x200016b0  0x1000  <Block tail>
                            - 0x200026b0  0x2000


*******************************************************************************
*** INIT TABLE
***

          Address     Size
          -------     ----
Zero (__iar_zero_init3)
    1 destination range, total size 0x398:
          0x20000314  0x398

Copy/lz77 (__iar_lz77_init_single3)
    1 source range, total size 0xa0 (20% of destination):
          0x08004544   0xa0
    1 destination range, total size 0x314:
          0x20000000  0x314



*******************************************************************************
*** MODULE SUMMARY
***

    Module                    ro code  ro data  rw data
    ------                    -------  -------  -------
C:\Users\seunghyun\Desktop\Dr.ONE\ARM\Dr.one\EWARM\Dr.one\Obj: [1]
    main.o                      4 516      106    1 108
    startup_stm32f103xe.o         552
    stm32f1xx_hal.o               168        2       12
    stm32f1xx_hal_adc.o           620
    stm32f1xx_hal_cortex.o        230
    stm32f1xx_hal_dma.o           272
    stm32f1xx_hal_flash.o         348                32
    stm32f1xx_hal_flash_ex.o      216
    stm32f1xx_hal_gpio.o          492
    stm32f1xx_hal_msp.o           720
    stm32f1xx_hal_rcc.o         1 250
    stm32f1xx_hal_rcc_ex.o        232
    stm32f1xx_hal_tim.o         1 772
    stm32f1xx_hal_tim_ex.o        168
    stm32f1xx_hal_uart.o          986
    stm32f1xx_it.o                 52
    system_stm32f1xx.o             92        9        4
    ---------------------------------------------------
    Total:                     12 686      117    1 156

command line: [2]
    ---------------------------------------------------
    Total:

dl7M_tlf.a: [3]
    XShHandles.o                  204               128
    abs.o                           8
    exit.o                          4
    fclose.o                      126
    fflush.o                      172
    fputc.o                        84
    fseek.o                        36
    heap0.o                       320                 8
    heaptramp0.o                    4
    low_level_init.o                4
    printf.o                       40
    putchar.o                      12
    xcloseall.o                    60
    xfgpos.o                       12
    xfiles.o                                51      408
    xfofind.o                     124
    xfspos.o                      216
    xfwprep.o                     180
    xgetmemchunk.o                 44                 4
    xprintftiny.o                 322
    xprout.o                       22
    ---------------------------------------------------
    Total:                      1 994       51      548

m7M_tl.a: [4]
    DblAdd.o                      376
    DblMul.o                      418
    DblSub.o                      226
    DblToFlt.o                    104
    DblToS32.o                     58
    FltAdd.o                      226
    FltCmpEq.o                     28
    FltCmpGe.o                     36
    FltCmpLe.o                     36
    FltDiv.o                      252
    FltMul.o                      216
    FltSub.o                      128
    FltToDbl.o                     72
    FltToS32.o                     42
    S32ToDbl.o                     34
    S32ToFlt.o                     36
    U32ToFlt.o                     28
    ---------------------------------------------------
    Total:                      2 316

rt7M_tl.a: [5]
    U64Shr.o                       30
    cexit.o                        14
    cmain.o                        30
    cstart_closeall.o
    cstartup_M.o                   12
    data_init.o                    40
    lz77_init_single.o            122
    strlen.o                       54
    zero_init3.o                   64
    ---------------------------------------------------
    Total:                        366

shb_l.a: [6]
    close.o                        24
    dwrite.o                       30
    exit.o                         20
    iarwrite.o                     34
    iarwstdswo.o                   80
    lseek.o                        74
    remove.o                       20
    write.o                        16
    ---------------------------------------------------
    Total:                        298

    Gaps                           32                 4
    Linker created                          32    8 192
-------------------------------------------------------
    Grand Total:               17 692      200    9 900


*******************************************************************************
*** ENTRY LIST
***

Entry                      Address   Size  Type      Object
-----                      -------   ----  ----      ------
.iar.init_table$$Base   0x080043a8          --   Gb  - Linker created -
.iar.init_table$$Limit  0x080043c8          --   Gb  - Linker created -
?main                   0x080043c9         Code  Gb  cmain.o [5]
ADC_ConversionStop_Disable
                        0x08003285   0x44  Code  Gb  stm32f1xx_hal_adc.o [1]
AHBPrescTable           0x0800425c   0x10  Data  Gb  system_stm32f1xx.o [1]
APBPrescTable           0x08004454    0x8  Data  Gb  system_stm32f1xx.o [1]
Aldata                  0x200006a0    0x8  Data  Lc  heap0.o [3]
ArmState                0x200001c0    0x1  Data  Gb  main.o [1]
BusFault_Handler        0x08004343    0x2  Code  Gb  stm32f1xx_it.o [1]
CSTACK$$Base            0x200006b0          --   Gb  - Linker created -
CSTACK$$Limit           0x200016b0          --   Gb  - Linker created -
DebugMon_Handler        0x08004349    0x2  Code  Gb  stm32f1xx_it.o [1]
FLASH_MassErase         0x080021f9   0x1a  Code  Lc  stm32f1xx_hal_flash_ex.o [1]
FLASH_PageErase         0x0800221b   0x1c  Code  Gb  stm32f1xx_hal_flash_ex.o [1]
FLASH_Program_HalfWord  0x08001e4b   0x16  Code  Lc  stm32f1xx_hal_flash.o [1]
FLASH_SetErrorCode      0x08001eb1   0x44  Code  Lc  stm32f1xx_hal_flash.o [1]
FLASH_WaitForLastOperation
                        0x08001e61   0x50  Code  Gb  stm32f1xx_hal_flash.o [1]
Fill_ReceiveFromRpi     0x200005d8    0x1  Data  Gb  main.o [1]
HAL_ADC_ConfigChannel   0x0800316d   0xe4  Code  Gb  stm32f1xx_hal_adc.o [1]
HAL_ADC_Init            0x0800305d  0x110  Code  Gb  stm32f1xx_hal_adc.o [1]
HAL_ADC_MspInit         0x08003401   0x62  Code  Gb  stm32f1xx_hal_msp.o [1]
HAL_DMA_Abort_IT        0x08003891   0xdc  Code  Gb  stm32f1xx_hal_dma.o [1]
HAL_Delay               0x08001f39   0x28  Code  Wk  stm32f1xx_hal.o [1]
HAL_FLASHEx_Erase       0x08002169   0x90  Code  Gb  stm32f1xx_hal_flash_ex.o [1]
HAL_FLASH_Lock          0x08001e3d    0x8  Code  Gb  stm32f1xx_hal_flash.o [1]
HAL_FLASH_Program       0x08001db5   0x6c  Code  Gb  stm32f1xx_hal_flash.o [1]
HAL_FLASH_Unlock        0x08001e21   0x1c  Code  Gb  stm32f1xx_hal_flash.o [1]
HAL_GPIO_Init           0x08001f61  0x196  Code  Gb  stm32f1xx_hal_gpio.o [1]
HAL_GPIO_ReadPin        0x080020f7    0xc  Code  Gb  stm32f1xx_hal_gpio.o [1]
HAL_GPIO_WritePin       0x08002103    0xc  Code  Gb  stm32f1xx_hal_gpio.o [1]
HAL_GetTick             0x080039d1    0xc  Code  Wk  stm32f1xx_hal.o [1]
HAL_IncTick             0x08004371   0x10  Code  Wk  stm32f1xx_hal.o [1]
HAL_Init                0x080012d5   0x20  Code  Gb  stm32f1xx_hal.o [1]
HAL_InitTick            0x08003851   0x40  Code  Wk  stm32f1xx_hal.o [1]
HAL_MspInit             0x0800336d   0x94  Code  Gb  stm32f1xx_hal_msp.o [1]
HAL_NVIC_EnableIRQ      0x08002fe7    0xa  Code  Gb  stm32f1xx_hal_cortex.o [1]
HAL_NVIC_SetPriority    0x08002fad   0x3a  Code  Gb  stm32f1xx_hal_cortex.o [1]
HAL_NVIC_SetPriorityGrouping
                        0x08002f93   0x1a  Code  Gb  stm32f1xx_hal_cortex.o [1]
HAL_RCCEx_PeriphCLKConfig
                        0x08002e8d   0xda  Code  Gb  stm32f1xx_hal_rcc_ex.o [1]
HAL_RCC_ClockConfig     0x08002cc5  0x10c  Code  Gb  stm32f1xx_hal_rcc.o [1]
HAL_RCC_GetHCLKFreq     0x08002e21    0x6  Code  Gb  stm32f1xx_hal_rcc.o [1]
HAL_RCC_GetPCLK1Freq    0x08002e27   0x10  Code  Gb  stm32f1xx_hal_rcc.o [1]
HAL_RCC_GetPCLK2Freq    0x08002e37    0xe  Code  Gb  stm32f1xx_hal_rcc.o [1]
HAL_RCC_GetSysClockFreq
                        0x08002de5   0x3c  Code  Gb  stm32f1xx_hal_rcc.o [1]
HAL_RCC_GetSysClockFreq::aPLLMULFactorTable
                        0x08002e78   0x10  Data  Lc  stm32f1xx_hal_rcc.o [1]
HAL_RCC_GetSysClockFreq::aPredivFactorTable
                        0x08002e88    0x2  Data  Lc  stm32f1xx_hal_rcc.o [1]
HAL_RCC_OscConfig       0x080029a9  0x314  Code  Gb  stm32f1xx_hal_rcc.o [1]
HAL_SYSTICK_CLKSourceConfig
                        0x08003023   0x1a  Code  Gb  stm32f1xx_hal_cortex.o [1]
HAL_SYSTICK_Config      0x08002ffb   0x28  Code  Gb  stm32f1xx_hal_cortex.o [1]
HAL_SYSTICK_IRQHandler  0x08003055    0x4  Code  Gb  stm32f1xx_hal_cortex.o [1]
HAL_TIMEx_BreakCallback
                        0x080039a7    0x2  Code  Wk  stm32f1xx_hal_tim_ex.o [1]
HAL_TIMEx_CommutationCallback
                        0x080039ab    0x2  Code  Wk  stm32f1xx_hal_tim_ex.o [1]
HAL_TIMEx_ConfigBreakDeadTime
                        0x080032c9   0x5a  Code  Gb  stm32f1xx_hal_tim_ex.o [1]
HAL_TIMEx_MasterConfigSynchronization
                        0x08003323   0x4a  Code  Gb  stm32f1xx_hal_tim_ex.o [1]
HAL_TIM_Base_Start_IT   0x080016d1   0x16  Code  Gb  stm32f1xx_hal_tim.o [1]
HAL_TIM_IC_CaptureCallback
                        0x080010bb   0xe2  Code  Gb  main.o [1]
HAL_TIM_IC_ConfigChannel
                        0x08001939  0x104  Code  Gb  stm32f1xx_hal_tim.o [1]
HAL_TIM_IC_Init         0x08001771   0x1a  Code  Gb  stm32f1xx_hal_tim.o [1]
HAL_TIM_IC_MspInit      0x080034bf   0x58  Code  Gb  stm32f1xx_hal_msp.o [1]
HAL_TIM_IC_Start_IT     0x0800179b   0x38  Code  Gb  stm32f1xx_hal_tim.o [1]
HAL_TIM_IRQHandler      0x080017f1  0x142  Code  Gb  stm32f1xx_hal_tim.o [1]
HAL_TIM_MspPostInit     0x08003517   0x6a  Code  Gb  stm32f1xx_hal_msp.o [1]
HAL_TIM_PWM_ConfigChannel
                        0x08001a3d   0xc0  Code  Gb  stm32f1xx_hal_tim.o [1]
HAL_TIM_PWM_Init        0x08001711   0x1a  Code  Gb  stm32f1xx_hal_tim.o [1]
HAL_TIM_PWM_MspInit     0x0800346f   0x50  Code  Gb  stm32f1xx_hal_msp.o [1]
HAL_TIM_PWM_Start       0x0800172b   0x14  Code  Gb  stm32f1xx_hal_tim.o [1]
HAL_UART_ErrorCallback  0x080010a7    0x2  Code  Gb  main.o [1]
HAL_UART_IRQHandler     0x080013d7  0x152  Code  Gb  stm32f1xx_hal_uart.o [1]
HAL_UART_Init           0x080012f9   0x1e  Code  Gb  stm32f1xx_hal_uart.o [1]
HAL_UART_MspInit        0x08003597   0x76  Code  Gb  stm32f1xx_hal_msp.o [1]
HAL_UART_Receive_IT     0x08001371   0x54  Code  Gb  stm32f1xx_hal_uart.o [1]
HAL_UART_RxCpltCallback
                        0x08000ff1   0x20  Code  Gb  main.o [1]
HEAP$$Base              0x200016b0          --   Gb  - Linker created -
HEAP$$Limit             0x200026b0          --   Gb  - Linker created -
HardFault_Handler       0x0800433f    0x2  Code  Gb  stm32f1xx_it.o [1]
MX_ADC1_Init            0x08000815   0x4c  Code  Lc  main.o [1]
MX_ADC2_Init            0x08000861   0x34  Code  Lc  main.o [1]
MX_GPIO_Init            0x08000af7   0xe2  Code  Lc  main.o [1]
MX_TIM1_Init            0x080008d3   0xac  Code  Lc  main.o [1]
MX_TIM2_Init            0x08000989   0x46  Code  Lc  main.o [1]
MX_TIM3_Init            0x080009cf   0x74  Code  Lc  main.o [1]
MX_TIM4_Init            0x08000a71   0x2c  Code  Lc  main.o [1]
MemManage_Handler       0x08004341    0x2  Code  Gb  stm32f1xx_it.o [1]
NMI_Handler             0x0800433d    0x2  Code  Gb  stm32f1xx_it.o [1]
NVIC_SetPriority        0x08002f75   0x1e  Code  Lc  stm32f1xx_hal_cortex.o [1]
PendSV_Handler          0x0800434b    0x2  Code  Gb  stm32f1xx_it.o [1]
ReceiveFromRpiBuf       0x2000006c   0x38  Data  Gb  main.o [1]
Region$$Table$$Base     0x080043a8          --   Gb  - Linker created -
Region$$Table$$Limit    0x080043c8          --   Gb  - Linker created -
SVC_Handler             0x08004347    0x2  Code  Gb  stm32f1xx_it.o [1]
SysTick_Handler         0x0800434d    0xe  Code  Gb  stm32f1xx_it.o [1]
SystemClock_Config      0x0800078f   0x86  Code  Gb  main.o [1]
SystemCoreClock         0x20000218    0x4  Data  Gb  system_stm32f1xx.o [1]
SystemInit              0x08004211   0x3a  Code  Gb  system_stm32f1xx.o [1]
TIM3_IRQHandler         0x0800435b    0x6  Code  Gb  stm32f1xx_it.o [1]
TIM_Base_SetConfig      0x08001b2b   0x74  Code  Gb  stm32f1xx_hal_tim.o [1]
TIM_CCxChannelCmd       0x08001d9d   0x12  Code  Gb  stm32f1xx_hal_tim.o [1]
TIM_OC1_SetConfig       0x08001b9f   0x52  Code  Lc  stm32f1xx_hal_tim.o [1]
TIM_OC2_SetConfig       0x08001bf1   0x60  Code  Gb  stm32f1xx_hal_tim.o [1]
TIM_OC3_SetConfig       0x08001c51   0x58  Code  Lc  stm32f1xx_hal_tim.o [1]
TIM_OC4_SetConfig       0x08001cb5   0x46  Code  Lc  stm32f1xx_hal_tim.o [1]
TIM_TI1_SetConfig       0x08001cfb   0x5a  Code  Gb  stm32f1xx_hal_tim.o [1]
TIM_TI2_SetConfig       0x08001d69   0x34  Code  Lc  stm32f1xx_hal_tim.o [1]
UART_DMAAbortOnError    0x08001545    0xc  Code  Lc  stm32f1xx_hal_uart.o [1]
UART_EndRxTransfer      0x08001529   0x1c  Code  Lc  stm32f1xx_hal_uart.o [1]
UART_Receive_IT         0x08001551   0x96  Code  Lc  stm32f1xx_hal_uart.o [1]
UART_SetConfig          0x080015e7   0xde  Code  Lc  stm32f1xx_hal_uart.o [1]
USART3_IRQHandler       0x08004361    0x6  Code  Gb  stm32f1xx_it.o [1]
USART_ClearITPendingBit
                        0x080010a9   0x12  Code  Gb  main.o [1]
UsageFault_Handler      0x08004345    0x2  Code  Gb  stm32f1xx_it.o [1]
_Close_all              0x08004301   0x3c  Code  Gb  xcloseall.o [3]
_Files                  0x200002f4   0x20  Data  Gb  xfiles.o [3]
_Fofree                 0x08004165   0x78  Code  Gb  xfofind.o [3]
_Fspos                  0x08003cc5   0xd8  Code  Gb  xfspos.o [3]
_Fwprep                 0x0800400f   0xb4  Code  Gb  xfwprep.o [3]
_Nnl                    0x08003e49    0xc  Code  Gb  xfgpos.o [3]
_PrintfTiny             0x080039f9  0x126  Code  Gb  xprintftiny.o [3]
_Prout                  0x08004415   0x16  Code  Gb  xprout.o [3]
__aeabi_cfcmpeq         0x0800214d         Code  Gb  FltCmpEq.o [4]
__aeabi_cfcmple         0x080037c5         Code  Gb  FltCmpLe.o [4]
__aeabi_cfrcmple        0x08002359         Code  Gb  FltCmpGe.o [4]
__aeabi_d2f             0x080037e9         Code  Gb  DblToFlt.o [4]
__aeabi_d2iz            0x08002605         Code  Gb  DblToS32.o [4]
__aeabi_dadd            0x08002641         Code  Gb  DblAdd.o [4]
__aeabi_dmul            0x0800237d         Code  Gb  DblMul.o [4]
__aeabi_dsub            0x08002521         Code  Gb  DblSub.o [4]
__aeabi_f2d             0x08002311         Code  Gb  FltToDbl.o [4]
__aeabi_f2iz            0x08002241         Code  Gb  FltToS32.o [4]
__aeabi_fadd            0x080036e1         Code  Gb  FltAdd.o [4]
__aeabi_fdiv            0x08002891         Code  Gb  FltDiv.o [4]
__aeabi_fmul            0x080027b9         Code  Gb  FltMul.o [4]
__aeabi_fsub            0x08003661         Code  Gb  FltSub.o [4]
__aeabi_i2d             0x080022ed         Code  Gb  S32ToDbl.o [4]
__aeabi_i2f             0x0800363d         Code  Gb  S32ToFlt.o [4]
__aeabi_llsr            0x080039b1         Code  Gb  U64Shr.o [5]
__aeabi_ui2f            0x0800298d         Code  Gb  U32ToFlt.o [4]
__basic_free            0x08003c05   0x16  Code  Gb  heap0.o [3]
__basic_free_intern     0x08003c1b   0x7a  Code  Lc  heap0.o [3]
__basic_malloc          0x08003b59   0x18  Code  Gb  heap0.o [3]
__basic_malloc_intern   0x08003b71   0x94  Code  Lc  heap0.o [3]
__cexit_closeall        0x080043f3         Code  Gb  cexit.o [5]
__close                 0x080041e5   0x18  Code  Gb  close.o [6]
__cmain                 0x080043c9         Code  Gb  cmain.o [5]
__cstart_closeall       0x08004544         Data  Gb  cstart_closeall.o [5]
__data_GetMemChunk      0x08003c99   0x2c  Code  Gb  xgetmemchunk.o [3]
__data_GetMemChunk::start
                        0x200006a8    0x4  Data  Lc  xgetmemchunk.o [3]
__dwrite                0x08003f7d   0x1e  Code  Gb  dwrite.o [6]
__exit                  0x08004401   0x14  Code  Gb  exit.o [6]
__iar_Stderr            0x200002ac   0x48  Data  Gb  xfiles.o [3]
__iar_Stdin             0x2000021c   0x48  Data  Gb  xfiles.o [3]
__iar_Stdout            0x20000264   0x48  Data  Gb  xfiles.o [3]
__iar_dadd              0x08002531         Code  Gb  DblSub.o [4]
__iar_data_init3        0x08004381   0x28  Code  Gb  data_init.o [5]
__iar_dsub              0x08002651         Code  Gb  DblAdd.o [4]
__iar_dsubStart         0x08002663         Code  Gb  DblAdd.o [4]
__iar_fadd              0x0800366d         Code  Gb  FltSub.o [4]
__iar_fsub              0x080036ed         Code  Gb  FltAdd.o [4]
__iar_fsubStart         0x080036fd         Code  Gb  FltAdd.o [4]
__iar_lz77_init_single3
                        0x08002273   0x7a  Code  Gb  lz77_init_single.o [5]
__iar_program_start     0x08004449         Code  Gb  cstartup_M.o [5]
__iar_sh_Discard        0x08003eb1   0x42  Code  Gb  XShHandles.o [3]
__iar_sh_Move           0x08003ef3   0x46  Code  Gb  XShHandles.o [3]
__iar_sh_Pos            0x08003f39   0x3e  Code  Gb  XShHandles.o [3]
__iar_sh_stdout_swo     0x08003f9d   0x50  Code  Gb  iarwstdswo.o [6]
__iar_sh_write          0x08003fed   0x22  Code  Gb  iarwrite.o [6]
__iar_systems$$module {Abs}
                        0x00000001         Data  Gb  command line/config [2]
__iar_zero_init3        0x080042c1   0x40  Code  Gb  zero_init3.o [5]
__low_level_init        0x080043e7    0x4  Code  Gb  low_level_init.o [3]
__lseek                 0x08003e55   0x4a  Code  Gb  lseek.o [6]
__vector_table          0x08000000         Data  Gb  startup_stm32f103xe.o [1]
__write                 0x08003e9f   0x10  Code  Gb  write.o [6]
_call_main              0x080043d5         Code  Gb  cmain.o [5]
_exit                   0x080043f1         Code  Gb  cexit.o [5]
_main                   0x080043e3         Code  Gb  cmain.o [5]
abs                     0x0800226b    0x8  Code  Gb  abs.o [3]
bl0                     0x20000000    0x8  Data  Gb  main.o [1]
bl1                     0x20000008    0x8  Data  Gb  main.o [1]
calEncoder              0x0800101d   0x2e  Code  Gb  main.o [1]
ch0                     0x20000394   0x28  Data  Gb  main.o [1]
ch1                     0x20000400   0x28  Data  Gb  main.o [1]
ch2                     0x20000468   0x28  Data  Gb  main.o [1]
ch3                     0x200004d0   0x28  Data  Gb  main.o [1]
checkSum                0x08001085   0x22  Code  Gb  main.o [1]
dc0                     0x20000010   0x10  Data  Gb  main.o [1]
dc1                     0x20000020   0x10  Data  Gb  main.o [1]
dc2                     0x20000030   0x10  Data  Gb  main.o [1]
dc3                     0x20000040   0x10  Data  Gb  main.o [1]
dc4                     0x200000b0   0x10  Data  Gb  main.o [1]
ebuf                    0x20000538   0x50  Data  Lc  xfiles.o [3]
entReceiveBuf           0x08000e95  0x148  Code  Gb  main.o [1]
exit                    0x080043eb    0x4  Code  Gb  exit.o [3]
fclose                  0x080040e7   0x7e  Code  Gb  fclose.o [3]
fflush                  0x08003e11   0x34  Code  Gb  fflush.o [3]
fflushOne               0x08003d9d   0x74  Code  Lc  fflush.o [3]
fputc                   0x0800426d   0x54  Code  Gb  fputc.o [3]
free                    0x080041e1    0x4  Code  Gb  heaptramp0.o [3]
fseek                   0x080040c3   0x24  Code  Gb  fseek.o [3]
hadc1                   0x2000061c   0x30  Data  Gb  main.o [1]
hadc2                   0x2000064c   0x30  Data  Gb  main.o [1]
htim1                   0x200003bc   0x40  Data  Gb  main.o [1]
htim2                   0x20000428   0x40  Data  Gb  main.o [1]
htim3                   0x20000490   0x40  Data  Gb  main.o [1]
htim4                   0x200004f8   0x40  Data  Gb  main.o [1]
huart3                  0x200005dc   0x40  Data  Gb  main.o [1]
main                    0x08000131  0x5fc  Code  Gb  main.o [1]
main{1}{2}{3}{4}{5}{6}::EraseInitStruct
                        0x20000050   0x10  Data  Lc  main.o [1]
map                     0x08001269   0x14  Code  Gb  main.o [1]
map_float               0x0800127d   0x3c  Code  Gb  main.o [1]
obuf                    0x20000588   0x50  Data  Lc  xfiles.o [3]
out                     0x080039dd   0x1c  Code  Lc  xprintftiny.o [3]
pFlash                  0x20000680   0x20  Data  Gb  stm32f1xx_hal_flash.o [1]
pid0                    0x200000c4   0x3c  Data  Gb  main.o [1]
pid1                    0x20000100   0x3c  Data  Gb  main.o [1]
pid2                    0x2000013c   0x3c  Data  Gb  main.o [1]
pid3                    0x20000178   0x3c  Data  Gb  main.o [1]
pid4                    0x200001d0   0x3c  Data  Gb  main.o [1]
pitch                   0x200001c4    0xc  Data  Gb  main.o [1]
prev_d                  0x20000068    0x4  Data  Gb  main.o [1]
prev_i                  0x20000064    0x4  Data  Gb  main.o [1]
prev_p                  0x20000060    0x4  Data  Gb  main.o [1]
printf                  0x08001f11   0x28  Code  Gb  printf.o [3]
putchar                 0x0800442d    0xc  Code  Gb  putchar.o [3]
remove                  0x080041fd   0x14  Code  Gb  remove.o [6]
roll                    0x200000a4    0xc  Data  Gb  main.o [1]
sFileInfo               0x20000314   0x80  Data  Lc  XShHandles.o [3]
sepReceiveBuf           0x08000d91   0x3c  Code  Gb  main.o [1]
setPidBLDC              0x08000beb   0xac  Code  Gb  main.o [1]
setPidDC                0x08000c97   0xee  Code  Gb  main.o [1]
set_polarity            0x080012b9   0x1c  Code  Lc  main.o [1]
strlen                  0x08003b21         Code  Gb  strlen.o [5]
sumReceiveBuf           0x08000ddd   0x9c  Code  Gb  main.o [1]
throttle                0x200000c0    0x4  Data  Gb  main.o [1]
timer2Tick              0x200003fc    0x4  Data  Lc  main.o [1]
uwTick                  0x20000210    0x4  Data  Gb  stm32f1xx_hal.o [1]
uwTickFreq              0x2000020c    0x1  Data  Gb  stm32f1xx_hal.o [1]
uwTickPrio              0x20000214    0x4  Data  Gb  stm32f1xx_hal.o [1]
yaw                     0x200001b4    0xc  Data  Gb  main.o [1]


[1] = C:\Users\seunghyun\Desktop\Dr.ONE\ARM\Dr.one\EWARM\Dr.one\Obj
[2] = command line
[3] = dl7M_tlf.a
[4] = m7M_tl.a
[5] = rt7M_tl.a
[6] = shb_l.a

  17 692 bytes of readonly  code memory
     200 bytes of readonly  data memory
   9 900 bytes of readwrite data memory

Errors: none
Warnings: none
