###############################################################################
#
# IAR ELF Linker V8.22.1.15669/W32 for ARM                13/Nov/2018  02:23:49
# Copyright 2007-2018 IAR Systems AB.
#
#    Output file  =  
#        C:\Users\seunghyun\Desktop\Dr.ONE\ARM\Dr.one\EWARM\Dr.one\Exe\Dr.one.out
#    Map file     =  
#        C:\Users\seunghyun\Desktop\Dr.ONE\ARM\Dr.one\EWARM\Dr.one\List\Dr.one.map
#    Command line =  
#        -f C:\Users\SEUNGH~1\AppData\Local\Temp\EWE8D7.tmp
#        (C:\Users\seunghyun\Desktop\Dr.ONE\ARM\Dr.one\EWARM\Dr.one\Obj\main.o
#        C:\Users\seunghyun\Desktop\Dr.ONE\ARM\Dr.one\EWARM\Dr.one\Obj\startup_stm32f103xe.o
#        C:\Users\seunghyun\Desktop\Dr.ONE\ARM\Dr.one\EWARM\Dr.one\Obj\stm32f1xx_hal.o
#        C:\Users\seunghyun\Desktop\Dr.ONE\ARM\Dr.one\EWARM\Dr.one\Obj\stm32f1xx_hal_adc.o
#        C:\Users\seunghyun\Desktop\Dr.ONE\ARM\Dr.one\EWARM\Dr.one\Obj\stm32f1xx_hal_adc_ex.o
#        C:\Users\seunghyun\Desktop\Dr.ONE\ARM\Dr.one\EWARM\Dr.one\Obj\stm32f1xx_hal_cortex.o
#        C:\Users\seunghyun\Desktop\Dr.ONE\ARM\Dr.one\EWARM\Dr.one\Obj\stm32f1xx_hal_dma.o
#        C:\Users\seunghyun\Desktop\Dr.ONE\ARM\Dr.one\EWARM\Dr.one\Obj\stm32f1xx_hal_flash.o
#        C:\Users\seunghyun\Desktop\Dr.ONE\ARM\Dr.one\EWARM\Dr.one\Obj\stm32f1xx_hal_flash_ex.o
#        C:\Users\seunghyun\Desktop\Dr.ONE\ARM\Dr.one\EWARM\Dr.one\Obj\stm32f1xx_hal_gpio.o
#        C:\Users\seunghyun\Desktop\Dr.ONE\ARM\Dr.one\EWARM\Dr.one\Obj\stm32f1xx_hal_gpio_ex.o
#        C:\Users\seunghyun\Desktop\Dr.ONE\ARM\Dr.one\EWARM\Dr.one\Obj\stm32f1xx_hal_msp.o
#        C:\Users\seunghyun\Desktop\Dr.ONE\ARM\Dr.one\EWARM\Dr.one\Obj\stm32f1xx_hal_pwr.o
#        C:\Users\seunghyun\Desktop\Dr.ONE\ARM\Dr.one\EWARM\Dr.one\Obj\stm32f1xx_hal_rcc.o
#        C:\Users\seunghyun\Desktop\Dr.ONE\ARM\Dr.one\EWARM\Dr.one\Obj\stm32f1xx_hal_rcc_ex.o
#        C:\Users\seunghyun\Desktop\Dr.ONE\ARM\Dr.one\EWARM\Dr.one\Obj\stm32f1xx_hal_tim.o
#        C:\Users\seunghyun\Desktop\Dr.ONE\ARM\Dr.one\EWARM\Dr.one\Obj\stm32f1xx_hal_tim_ex.o
#        C:\Users\seunghyun\Desktop\Dr.ONE\ARM\Dr.one\EWARM\Dr.one\Obj\stm32f1xx_hal_uart.o
#        C:\Users\seunghyun\Desktop\Dr.ONE\ARM\Dr.one\EWARM\Dr.one\Obj\stm32f1xx_it.o
#        C:\Users\seunghyun\Desktop\Dr.ONE\ARM\Dr.one\EWARM\Dr.one\Obj\system_stm32f1xx.o
#        -o
#        C:\Users\seunghyun\Desktop\Dr.ONE\ARM\Dr.one\EWARM\Dr.one\Exe\Dr.one.out
#        --map
#        C:\Users\seunghyun\Desktop\Dr.ONE\ARM\Dr.one\EWARM\Dr.one\List\Dr.one.map
#        --config "C:\Program Files (x86)\IAR Systems\Embedded Workbench
#        8.0\arm\config\linker\ST\stm32f103xE.icf" --semihosting --entry
#        __iar_program_start --redirect __iar_sh_stdout=__iar_sh_stdout_swo
#        --vfe --text_out locale)
#
###############################################################################

*******************************************************************************
*** RUNTIME MODEL ATTRIBUTES
***

CppFlavor       = *
__Heap_Handler  = Basic
__SystemLibrary = DLib
__dlib_version  = 6


*******************************************************************************
*** HEAP SELECTION
***

The basic heap was selected because no calls to memory allocation
functions were found in the application outside of system library
functions, and there are calls to deallocation functions in the
application.


*******************************************************************************
*** PLACEMENT SUMMARY
***

"A0":  place at 0x08000000 { ro section .intvec };
"P1":  place in [from 0x08000000 to 0x0807ffff] { ro };
define block CSTACK with size = 4K, alignment = 8 { };
define block HEAP with size = 4K, alignment = 8 { };
"P2":  place in [from 0x20000000 to 0x2000ffff] {
          rw, block CSTACK, block HEAP };
initialize by copy { rw };

  Section            Kind        Address    Size  Object
  -------            ----        -------    ----  ------
"A0":                                      0x130
  .intvec            ro code  0x08000000   0x130  startup_stm32f103xe.o [1]
                            - 0x08000130   0x130

"P1":                                     0x4e61
  .text              ro code  0x08000130   0xc2a  xprintflarge_nomb.o [3]
  .text              ro code  0x08000d5a    0x7a  lz77_init_single.o [5]
  .text              ro code  0x08000dd4    0x16  strchr.o [5]
  .text              ro code  0x08000dec    0x40  xfail_s.o [3]
  .text              ro code  0x08000e2c    0x36  strlen.o [5]
  .text              ro code  0x08000e64    0x58  memchr.o [5]
  .text              ro code  0x08000ebc   0x22e  I64DivMod.o [5]
  .text              ro code  0x080010ec   0x1a2  DblMul.o [4]
  .text              ro code  0x08001290    0xa6  ABImemcpy.o [5]
  .text              ro code  0x08001338    0x70  frexp.o [4]
  .text              ro code  0x080013a8    0x2e  DblCmpLe.o [4]
  .text              ro code  0x080013d8   0x246  DblDiv.o [4]
  .text              ro code  0x08001620    0x28  DblToU32.o [4]
  .text              ro code  0x08001648    0x1a  U32ToDbl.o [4]
  .text              ro code  0x08001664    0xe2  DblSub.o [4]
  .text              ro code  0x08001748     0x8  xlocale_c.o [3]
  .text              ro code  0x08001750     0x6  abort.o [3]
  .text              ro code  0x08001758     0x2  I64DivZer.o [5]
  .text              ro code  0x0800175c   0x178  DblAdd.o [4]
  .text              ro code  0x080018d4    0x14  exit.o [6]
  .text              ro code  0x080018e8   0xb74  main.o [1]
  .text              ro code  0x0800245c    0x24  stm32f1xx_hal.o [1]
  .text              ro code  0x08002480   0x3f8  stm32f1xx_hal_uart.o [1]
  .text              ro code  0x08002878   0x6e4  stm32f1xx_hal_tim.o [1]
  .text              ro code  0x08002f5c    0x28  printf.o [3]
  .text              ro code  0x08002f84    0x48  FltToDbl.o [4]
  .text              ro code  0x08002fcc    0x68  DblToFlt.o [4]
  .text              ro code  0x08003034   0x2d0  stm32f1xx_hal_gpio.o [1]
  .text              ro code  0x08003304   0x4e2  stm32f1xx_hal_rcc.o [1]
  .text              ro code  0x080037e8    0xe8  stm32f1xx_hal_rcc_ex.o [1]
  .text              ro code  0x080038d0    0xf2  stm32f1xx_hal_cortex.o [1]
  .text              ro code  0x080039c4   0x26c  stm32f1xx_hal_adc.o [1]
  .text              ro code  0x08003c30    0xa4  stm32f1xx_hal_tim_ex.o [1]
  .text              ro code  0x08003cd4   0x2fc  stm32f1xx_hal_msp.o [1]
  .text              ro code  0x08003fd0    0x80  FltSub.o [4]
  .text              ro code  0x08004050    0x24  FltCmpLe.o [4]
  .text              ro code  0x08004074    0x24  FltCmpGe.o [4]
  .text              ro code  0x08004098    0xe2  FltAdd.o [4]
  .text              ro code  0x0800417c    0xd8  FltMul.o [4]
  .text              ro code  0x08004254    0xfc  FltDiv.o [4]
  .text              ro code  0x08004350    0x2a  FltToS32.o [4]
  .text              ro code  0x0800437c    0x1c  U32ToFlt.o [4]
  .text              ro code  0x08004398    0x24  S32ToFlt.o [4]
  .text              ro code  0x080043bc    0x40  stm32f1xx_hal.o [1]
  .text              ro code  0x080043fc   0x110  stm32f1xx_hal_dma.o [1]
  .text              ro code  0x0800450c     0x2  stm32f1xx_hal_uart.o [1]
  .text              ro code  0x0800450e     0x2  stm32f1xx_hal_tim.o [1]
  .text              ro code  0x08004510     0x2  stm32f1xx_hal_tim.o [1]
  .text              ro code  0x08004512     0x2  stm32f1xx_hal_tim_ex.o [1]
  .text              ro code  0x08004514     0x2  stm32f1xx_hal_tim.o [1]
  .text              ro code  0x08004516     0x2  stm32f1xx_hal_tim_ex.o [1]
  .text              ro code  0x08004518     0x2  stm32f1xx_hal_tim.o [1]
  .text              ro code  0x0800451c     0xc  stm32f1xx_hal.o [1]
  .text              ro code  0x08004528   0x140  heap0.o [3]
  .text              ro code  0x08004668    0x2c  xgetmemchunk.o [3]
  .text              ro code  0x08004694    0xd8  xfspos.o [3]
  .text              ro code  0x0800476c    0xac  fflush.o [3]
  .text              ro code  0x08004818     0xc  xfgpos.o [3]
  .text              ro code  0x08004824    0x4a  lseek.o [6]
  .text              ro code  0x0800486e    0x10  write.o [6]
  .text              ro code  0x08004880    0xcc  XShHandles.o [3]
  .text              ro code  0x0800494c    0x1e  dwrite.o [6]
  .text              ro code  0x0800496c    0x50  iarwstdswo.o [6]
  .text              ro code  0x080049bc    0x22  iarwrite.o [6]
  .text              ro code  0x080049de    0xb4  xfwprep.o [3]
  .text              ro code  0x08004a92    0x24  fseek.o [3]
  .text              ro code  0x08004ab6    0x7e  fclose.o [3]
  .text              ro code  0x08004b34    0x7c  xfofind.o [3]
  .text              ro code  0x08004bb0     0x4  heaptramp0.o [3]
  .text              ro code  0x08004bb4    0x18  close.o [6]
  .text              ro code  0x08004bcc    0x14  remove.o [6]
  .text              ro code  0x08004be0    0x5c  system_stm32f1xx.o [1]
  .text              ro code  0x08004c3c    0x54  fputc.o [3]
  .text              ro code  0x08004c90    0x40  zero_init3.o [5]
  .text              ro code  0x08004cd0    0x3c  xcloseall.o [3]
  .text              ro code  0x08004d0c    0x34  stm32f1xx_it.o [1]
  .text              ro code  0x08004d40    0x10  stm32f1xx_hal.o [1]
  .text              ro code  0x08004d50    0x28  data_init.o [5]
  .iar.init_table    const    0x08004d78    0x20  - Linker created -
  .text              ro code  0x08004d98    0x1e  cmain.o [5]
  .text              ro code  0x08004db6     0x4  low_level_init.o [3]
  .text              ro code  0x08004dba     0x4  exit.o [3]
  .text              ro code  0x08004dc0     0xe  cexit.o [5]
  .text              ro code  0x08004dce    0x16  xprout.o [3]
  .text              ro code  0x08004de4     0xc  putchar.o [3]
  .text              ro code  0x08004df0    0x10  startup_stm32f103xe.o [1]
  .text              ro code  0x08004e00     0xc  cstartup_M.o [5]
  .rodata            const    0x08004e0c     0x8  system_stm32f1xx.o [1]
  .rodata            const    0x08004e14     0x4  xlocale_c.o [3]
  .text              ro code  0x08004e18     0x4  startup_stm32f103xe.o [1]
  .text              ro code  0x08004e1c     0x4  startup_stm32f103xe.o [1]
  .text              ro code  0x08004e20     0x4  startup_stm32f103xe.o [1]
  .text              ro code  0x08004e24     0x4  startup_stm32f103xe.o [1]
  .text              ro code  0x08004e28     0x4  startup_stm32f103xe.o [1]
  .text              ro code  0x08004e2c     0x4  startup_stm32f103xe.o [1]
  .text              ro code  0x08004e30     0x4  startup_stm32f103xe.o [1]
  .text              ro code  0x08004e34     0x4  startup_stm32f103xe.o [1]
  .text              ro code  0x08004e38     0x4  startup_stm32f103xe.o [1]
  .text              ro code  0x08004e3c     0x4  startup_stm32f103xe.o [1]
  .text              ro code  0x08004e40     0x4  startup_stm32f103xe.o [1]
  .text              ro code  0x08004e44     0x4  startup_stm32f103xe.o [1]
  .text              ro code  0x08004e48     0x4  startup_stm32f103xe.o [1]
  .text              ro code  0x08004e4c     0x4  startup_stm32f103xe.o [1]
  .text              ro code  0x08004e50     0x4  startup_stm32f103xe.o [1]
  .text              ro code  0x08004e54     0x4  startup_stm32f103xe.o [1]
  .text              ro code  0x08004e58     0x4  startup_stm32f103xe.o [1]
  .text              ro code  0x08004e5c     0x4  startup_stm32f103xe.o [1]
  .text              ro code  0x08004e60     0x4  startup_stm32f103xe.o [1]
  .text              ro code  0x08004e64     0x4  startup_stm32f103xe.o [1]
  .text              ro code  0x08004e68     0x4  startup_stm32f103xe.o [1]
  .text              ro code  0x08004e6c     0x4  startup_stm32f103xe.o [1]
  .text              ro code  0x08004e70     0x4  startup_stm32f103xe.o [1]
  .text              ro code  0x08004e74     0x4  startup_stm32f103xe.o [1]
  .text              ro code  0x08004e78     0x4  startup_stm32f103xe.o [1]
  .text              ro code  0x08004e7c     0x4  startup_stm32f103xe.o [1]
  .text              ro code  0x08004e80     0x4  startup_stm32f103xe.o [1]
  .text              ro code  0x08004e84     0x4  startup_stm32f103xe.o [1]
  .text              ro code  0x08004e88     0x4  startup_stm32f103xe.o [1]
  .text              ro code  0x08004e8c     0x4  startup_stm32f103xe.o [1]
  .text              ro code  0x08004e90     0x4  startup_stm32f103xe.o [1]
  .text              ro code  0x08004e94     0x4  startup_stm32f103xe.o [1]
  .text              ro code  0x08004e98     0x4  startup_stm32f103xe.o [1]
  .text              ro code  0x08004e9c     0x4  startup_stm32f103xe.o [1]
  .text              ro code  0x08004ea0     0x4  startup_stm32f103xe.o [1]
  .text              ro code  0x08004ea4     0x4  startup_stm32f103xe.o [1]
  .text              ro code  0x08004ea8     0x4  startup_stm32f103xe.o [1]
  .text              ro code  0x08004eac     0x4  startup_stm32f103xe.o [1]
  .text              ro code  0x08004eb0     0x4  startup_stm32f103xe.o [1]
  .text              ro code  0x08004eb4     0x4  startup_stm32f103xe.o [1]
  .text              ro code  0x08004eb8     0x4  startup_stm32f103xe.o [1]
  .text              ro code  0x08004ebc     0x4  startup_stm32f103xe.o [1]
  .text              ro code  0x08004ec0     0x4  startup_stm32f103xe.o [1]
  .text              ro code  0x08004ec4     0x4  startup_stm32f103xe.o [1]
  .text              ro code  0x08004ec8     0x4  startup_stm32f103xe.o [1]
  .text              ro code  0x08004ecc     0x4  startup_stm32f103xe.o [1]
  .text              ro code  0x08004ed0     0x4  startup_stm32f103xe.o [1]
  .text              ro code  0x08004ed4     0x4  startup_stm32f103xe.o [1]
  .text              ro code  0x08004ed8     0x4  startup_stm32f103xe.o [1]
  .text              ro code  0x08004edc     0x4  startup_stm32f103xe.o [1]
  .text              ro code  0x08004ee0     0x4  startup_stm32f103xe.o [1]
  .text              ro code  0x08004ee4     0x4  startup_stm32f103xe.o [1]
  .text              ro code  0x08004ee8     0x4  startup_stm32f103xe.o [1]
  .text              ro code  0x08004eec     0x4  startup_stm32f103xe.o [1]
  .text              ro code  0x08004ef0     0x4  startup_stm32f103xe.o [1]
  .text              ro code  0x08004ef4     0x4  startup_stm32f103xe.o [1]
  .text              ro code  0x08004ef8     0x4  startup_stm32f103xe.o [1]
  .text              ro code  0x08004efc     0x4  startup_stm32f103xe.o [1]
  .text              ro code  0x08004f00     0x0  cstart_closeall.o [5]
  .rodata            const    0x08004f00     0x0  zero_init3.o [5]
  .rodata            const    0x08004f00     0x0  lz77_init_single.o [5]
  Initializer bytes  const    0x08004f00    0x91  <for P2-1>
                            - 0x08004f91  0x4e61

"P2", part 1 of 3:                         0x2b4
  P2-1                        0x20000000   0x2b4  <Init block>
    .data            inited   0x20000000    0x84  main.o [1]
    .data            inited   0x20000084    0x78  main.o [1]
    .data            inited   0x200000fc    0x78  main.o [1]
    .data            inited   0x20000174     0xc  stm32f1xx_hal.o [1]
    .data            inited   0x20000180     0x4  system_stm32f1xx.o [1]
    .data            inited   0x20000184    0x48  xfiles.o [3]
    .data            inited   0x200001cc    0x48  xfiles.o [3]
    .data            inited   0x20000214    0x48  xfiles.o [3]
    .data            inited   0x2000025c    0x20  xfiles.o [3]
    .data            inited   0x2000027c    0x38  xlocale_c.o [3]
                            - 0x200002b4   0x2b4

"P2", part 2 of 3:                         0x330
  .bss               zero     0x200002b4    0x80  XShHandles.o [3]
  .bss               zero     0x20000334    0x60  main.o [1]
  .bss               zero     0x20000394    0x5c  main.o [1]
  .bss               zero     0x200003f0    0x5c  main.o [1]
  .bss               zero     0x2000044c    0x5c  main.o [1]
  .bss               zero     0x200004a8    0x50  xfiles.o [3]
  .bss               zero     0x200004f8    0x50  xfiles.o [3]
  .bss               zero     0x20000548    0x30  main.o [1]
  .bss               zero     0x20000578    0x30  main.o [1]
  .bss               zero     0x200005a8    0x28  main.o [1]
  .bss               zero     0x200005d0     0x8  heap0.o [3]
  .bss               zero     0x200005d8     0x4  main.o [1]
  .bss               zero     0x200005dc     0x4  xgetmemchunk.o [3]
  .bss               zero     0x200005e0     0x4  xfail_s.o [3]
                            - 0x200005e4   0x330

"P2", part 3 of 3:                        0x2000
  CSTACK                      0x200005e8  0x1000  <Block>
    CSTACK           uninit   0x200005e8  0x1000  <Block tail>
  HEAP                        0x200015e8  0x1000  <Block>
    HEAP             uninit   0x200015e8  0x1000  <Block tail>
                            - 0x200025e8  0x2000


*******************************************************************************
*** INIT TABLE
***

          Address     Size
          -------     ----
Zero (__iar_zero_init3)
    1 destination range, total size 0x330:
          0x200002b4  0x330

Copy/lz77 (__iar_lz77_init_single3)
    1 source range, total size 0x91 (20% of destination):
          0x08004f00   0x91
    1 destination range, total size 0x2b4:
          0x20000000  0x2b4



*******************************************************************************
*** MODULE SUMMARY
***

    Module                  ro code  ro data  rw data
    ------                  -------  -------  -------
C:\Users\seunghyun\Desktop\Dr.ONE\ARM\Dr.one\EWARM\Dr.one\Obj: [1]
    main.o                    2 932       77      884
    startup_stm32f103xe.o       552
    stm32f1xx_hal.o             128        3       12
    stm32f1xx_hal_adc.o         620
    stm32f1xx_hal_cortex.o      242
    stm32f1xx_hal_dma.o         272
    stm32f1xx_hal_gpio.o        720
    stm32f1xx_hal_msp.o         764
    stm32f1xx_hal_rcc.o       1 250
    stm32f1xx_hal_rcc_ex.o      232
    stm32f1xx_hal_tim.o       1 772
    stm32f1xx_hal_tim_ex.o      168
    stm32f1xx_hal_uart.o      1 018
    stm32f1xx_it.o               52
    system_stm32f1xx.o           92        9        4
    -------------------------------------------------
    Total:                   10 814       89      900

command line: [2]
    -------------------------------------------------
    Total:

dl7M_tlf.a: [3]
    XShHandles.o                204               128
    abort.o                       6
    exit.o                        4
    fclose.o                    126
    fflush.o                    172
    fputc.o                      84
    fseek.o                      36
    heap0.o                     320                 8
    heaptramp0.o                  4
    low_level_init.o              4
    printf.o                     40
    putchar.o                    12
    xcloseall.o                  60
    xfail_s.o                    64                 4
    xfgpos.o                     12
    xfiles.o                              52      408
    xfofind.o                   124
    xfspos.o                    216
    xfwprep.o                   180
    xgetmemchunk.o               44                 4
    xlocale_c.o                   8       16       56
    xprintflarge_nomb.o       3 114
    xprout.o                     22
    -------------------------------------------------
    Total:                    4 856       68      608

m7M_tl.a: [4]
    DblAdd.o                    376
    DblCmpLe.o                   46
    DblDiv.o                    582
    DblMul.o                    418
    DblSub.o                    226
    DblToFlt.o                  104
    DblToU32.o                   40
    FltAdd.o                    226
    FltCmpGe.o                   36
    FltCmpLe.o                   36
    FltDiv.o                    252
    FltMul.o                    216
    FltSub.o                    128
    FltToDbl.o                   72
    FltToS32.o                   42
    S32ToFlt.o                   36
    U32ToDbl.o                   26
    U32ToFlt.o                   28
    frexp.o                     112
    -------------------------------------------------
    Total:                    3 002

rt7M_tl.a: [5]
    ABImemcpy.o                 166
    I64DivMod.o                 558
    I64DivZer.o                   2
    cexit.o                      14
    cmain.o                      30
    cstart_closeall.o
    cstartup_M.o                 12
    data_init.o                  40
    lz77_init_single.o          122
    memchr.o                     88
    strchr.o                     22
    strlen.o                     54
    zero_init3.o                 64
    -------------------------------------------------
    Total:                    1 172

shb_l.a: [6]
    close.o                      24
    dwrite.o                     30
    exit.o                       20
    iarwrite.o                   34
    iarwstdswo.o                 80
    lseek.o                      74
    remove.o                     20
    write.o                      16
    -------------------------------------------------
    Total:                      298

    Gaps                         38
    Linker created                        32    8 192
-----------------------------------------------------
    Grand Total:             20 180      189    9 700


*******************************************************************************
*** ENTRY LIST
***

Entry                      Address   Size  Type      Object
-----                      -------   ----  ----      ------
.iar.init_table$$Base   0x08004d78          --   Gb  - Linker created -
.iar.init_table$$Limit  0x08004d98          --   Gb  - Linker created -
?main                   0x08004d99         Code  Gb  cmain.o [5]
ADC_ConversionStop_Disable
                        0x08003bed   0x44  Code  Gb  stm32f1xx_hal_adc.o [1]
AHBPrescTable           0x08004c2c   0x10  Data  Gb  system_stm32f1xx.o [1]
APBPrescTable           0x08004e0c    0x8  Data  Gb  system_stm32f1xx.o [1]
Aldata                  0x200005d0    0x8  Data  Lc  heap0.o [3]
BusFault_Handler        0x08004d13    0x2  Code  Gb  stm32f1xx_it.o [1]
CSTACK$$Base            0x200005e8          --   Gb  - Linker created -
CSTACK$$Limit           0x200015e8          --   Gb  - Linker created -
DebugMon_Handler        0x08004d19    0x2  Code  Gb  stm32f1xx_it.o [1]
Fill_ReadyToFlyBuf      0x20000001    0x1  Data  Gb  main.o [1]
HAL_ADC_ConfigChannel   0x08003ad5   0xe4  Code  Gb  stm32f1xx_hal_adc.o [1]
HAL_ADC_Init            0x080039c5  0x110  Code  Gb  stm32f1xx_hal_adc.o [1]
HAL_ADC_MspInit         0x08003d69   0x62  Code  Gb  stm32f1xx_hal_msp.o [1]
HAL_DMA_Abort_IT        0x080043fd   0xdc  Code  Gb  stm32f1xx_hal_dma.o [1]
HAL_GPIO_DeInit         0x080031cb   0xe4  Code  Gb  stm32f1xx_hal_gpio.o [1]
HAL_GPIO_Init           0x08003035  0x196  Code  Gb  stm32f1xx_hal_gpio.o [1]
HAL_GPIO_ReadPin        0x080032af    0xc  Code  Gb  stm32f1xx_hal_gpio.o [1]
HAL_GPIO_WritePin       0x080032bb    0xc  Code  Gb  stm32f1xx_hal_gpio.o [1]
HAL_GetTick             0x0800451d    0xc  Code  Wk  stm32f1xx_hal.o [1]
HAL_IncTick             0x08004d41   0x10  Code  Wk  stm32f1xx_hal.o [1]
HAL_Init                0x0800245d   0x20  Code  Gb  stm32f1xx_hal.o [1]
HAL_InitTick            0x080043bd   0x40  Code  Wk  stm32f1xx_hal.o [1]
HAL_MspInit             0x08003cd5   0x94  Code  Gb  stm32f1xx_hal_msp.o [1]
HAL_NVIC_DisableIRQ     0x0800394d    0x8  Code  Gb  stm32f1xx_hal_cortex.o [1]
HAL_NVIC_EnableIRQ      0x08003943    0xa  Code  Gb  stm32f1xx_hal_cortex.o [1]
HAL_NVIC_SetPriority    0x08003909   0x3a  Code  Gb  stm32f1xx_hal_cortex.o [1]
HAL_NVIC_SetPriorityGrouping
                        0x080038ef   0x1a  Code  Gb  stm32f1xx_hal_cortex.o [1]
HAL_RCCEx_PeriphCLKConfig
                        0x080037e9   0xda  Code  Gb  stm32f1xx_hal_rcc_ex.o [1]
HAL_RCC_ClockConfig     0x08003621  0x10c  Code  Gb  stm32f1xx_hal_rcc.o [1]
HAL_RCC_GetHCLKFreq     0x0800377d    0x6  Code  Gb  stm32f1xx_hal_rcc.o [1]
HAL_RCC_GetPCLK1Freq    0x08003783   0x10  Code  Gb  stm32f1xx_hal_rcc.o [1]
HAL_RCC_GetPCLK2Freq    0x08003793    0xe  Code  Gb  stm32f1xx_hal_rcc.o [1]
HAL_RCC_GetSysClockFreq
                        0x08003741   0x3c  Code  Gb  stm32f1xx_hal_rcc.o [1]
HAL_RCC_GetSysClockFreq::aPLLMULFactorTable
                        0x080037d4   0x10  Data  Lc  stm32f1xx_hal_rcc.o [1]
HAL_RCC_GetSysClockFreq::aPredivFactorTable
                        0x080037e4    0x2  Data  Lc  stm32f1xx_hal_rcc.o [1]
HAL_RCC_OscConfig       0x08003305  0x314  Code  Gb  stm32f1xx_hal_rcc.o [1]
HAL_SYSTICK_CLKSourceConfig
                        0x08003987   0x1a  Code  Gb  stm32f1xx_hal_cortex.o [1]
HAL_SYSTICK_Config      0x0800395f   0x28  Code  Gb  stm32f1xx_hal_cortex.o [1]
HAL_SYSTICK_IRQHandler  0x080039bd    0x4  Code  Gb  stm32f1xx_hal_cortex.o [1]
HAL_TIMEx_BreakCallback
                        0x08004513    0x2  Code  Wk  stm32f1xx_hal_tim_ex.o [1]
HAL_TIMEx_CommutationCallback
                        0x08004517    0x2  Code  Wk  stm32f1xx_hal_tim_ex.o [1]
HAL_TIMEx_ConfigBreakDeadTime
                        0x08003c31   0x5a  Code  Gb  stm32f1xx_hal_tim_ex.o [1]
HAL_TIMEx_MasterConfigSynchronization
                        0x08003c8b   0x4a  Code  Gb  stm32f1xx_hal_tim_ex.o [1]
HAL_TIM_Base_Start_IT   0x08002879   0x16  Code  Gb  stm32f1xx_hal_tim.o [1]
HAL_TIM_IC_CaptureCallback
                        0x08002227   0xe2  Code  Gb  main.o [1]
HAL_TIM_IC_ConfigChannel
                        0x08002ae1  0x104  Code  Gb  stm32f1xx_hal_tim.o [1]
HAL_TIM_IC_Init         0x08002919   0x1a  Code  Gb  stm32f1xx_hal_tim.o [1]
HAL_TIM_IC_MspInit      0x08003e27   0x58  Code  Gb  stm32f1xx_hal_msp.o [1]
HAL_TIM_IC_Start_IT     0x08002943   0x38  Code  Gb  stm32f1xx_hal_tim.o [1]
HAL_TIM_IRQHandler      0x08002999  0x142  Code  Gb  stm32f1xx_hal_tim.o [1]
HAL_TIM_MspPostInit     0x08003e7f   0x6a  Code  Gb  stm32f1xx_hal_msp.o [1]
HAL_TIM_PWM_ConfigChannel
                        0x08002be5   0xc0  Code  Gb  stm32f1xx_hal_tim.o [1]
HAL_TIM_PWM_Init        0x080028b9   0x1a  Code  Gb  stm32f1xx_hal_tim.o [1]
HAL_TIM_PWM_MspInit     0x08003dd7   0x50  Code  Gb  stm32f1xx_hal_msp.o [1]
HAL_TIM_PWM_Start       0x080028d3   0x14  Code  Gb  stm32f1xx_hal_tim.o [1]
HAL_UART_DeInit         0x080024f9   0x20  Code  Gb  stm32f1xx_hal_uart.o [1]
HAL_UART_ErrorCallback  0x08002213    0x2  Code  Gb  main.o [1]
HAL_UART_IRQHandler     0x0800257f  0x152  Code  Gb  stm32f1xx_hal_uart.o [1]
HAL_UART_Init           0x08002481   0x1e  Code  Gb  stm32f1xx_hal_uart.o [1]
HAL_UART_MspDeInit      0x08003f75   0x2a  Code  Gb  stm32f1xx_hal_msp.o [1]
HAL_UART_MspInit        0x08003eff   0x76  Code  Gb  stm32f1xx_hal_msp.o [1]
HAL_UART_Receive_IT     0x08002519   0x54  Code  Gb  stm32f1xx_hal_uart.o [1]
HAL_UART_RxCpltCallback
                        0x080021d1   0x20  Code  Gb  main.o [1]
HEAP$$Base              0x200015e8          --   Gb  - Linker created -
HEAP$$Limit             0x200025e8          --   Gb  - Linker created -
HardFault_Handler       0x08004d0f    0x2  Code  Gb  stm32f1xx_it.o [1]
LoadInt                 0x080002db   0x7a  Code  Lc  xprintflarge_nomb.o [3]
MX_ADC1_Init            0x08001bfd   0x4c  Code  Lc  main.o [1]
MX_ADC2_Init            0x08001c49   0x34  Code  Lc  main.o [1]
MX_GPIO_Init            0x08001ed7   0xe2  Code  Lc  main.o [1]
MX_TIM1_Init            0x08001cbb   0xa8  Code  Lc  main.o [1]
MX_TIM2_Init            0x08001d6d   0x44  Code  Lc  main.o [1]
MX_TIM3_Init            0x08001db1   0x74  Code  Lc  main.o [1]
MX_TIM4_Init            0x08001e53   0x2a  Code  Lc  main.o [1]
MemManage_Handler       0x08004d11    0x2  Code  Gb  stm32f1xx_it.o [1]
NMI_Handler             0x08004d0d    0x2  Code  Gb  stm32f1xx_it.o [1]
NVIC_SetPriority        0x080038d1   0x1e  Code  Lc  stm32f1xx_hal_cortex.o [1]
PendSV_Handler          0x08004d1b    0x2  Code  Gb  stm32f1xx_it.o [1]
ReadyToFlyBuf           0x200005a8   0x28  Data  Gb  main.o [1]
Region$$Table$$Base     0x08004d78          --   Gb  - Linker created -
Region$$Table$$Limit    0x08004d98          --   Gb  - Linker created -
SVC_Handler             0x08004d17    0x2  Code  Gb  stm32f1xx_it.o [1]
Start_SetPidGain        0x20000000    0x1  Data  Gb  main.o [1]
SysTick_Handler         0x08004d1d    0xe  Code  Gb  stm32f1xx_it.o [1]
SystemClock_Config      0x08001b77   0x86  Code  Gb  main.o [1]
SystemCoreClock         0x20000180    0x4  Data  Gb  system_stm32f1xx.o [1]
SystemInit              0x08004be1   0x3a  Code  Gb  system_stm32f1xx.o [1]
TIM3_IRQHandler         0x08004d2b    0x6  Code  Gb  stm32f1xx_it.o [1]
TIM_Base_SetConfig      0x08002cd3   0x74  Code  Gb  stm32f1xx_hal_tim.o [1]
TIM_CCxChannelCmd       0x08002f45   0x12  Code  Gb  stm32f1xx_hal_tim.o [1]
TIM_OC1_SetConfig       0x08002d47   0x52  Code  Lc  stm32f1xx_hal_tim.o [1]
TIM_OC2_SetConfig       0x08002d99   0x60  Code  Gb  stm32f1xx_hal_tim.o [1]
TIM_OC3_SetConfig       0x08002df9   0x58  Code  Lc  stm32f1xx_hal_tim.o [1]
TIM_OC4_SetConfig       0x08002e5d   0x46  Code  Lc  stm32f1xx_hal_tim.o [1]
TIM_TI1_SetConfig       0x08002ea3   0x5a  Code  Gb  stm32f1xx_hal_tim.o [1]
TIM_TI2_SetConfig       0x08002f11   0x34  Code  Lc  stm32f1xx_hal_tim.o [1]
UART_DMAAbortOnError    0x080026ed    0xc  Code  Lc  stm32f1xx_hal_uart.o [1]
UART_EndRxTransfer      0x080026d1   0x1c  Code  Lc  stm32f1xx_hal_uart.o [1]
UART_Receive_IT         0x080026f9   0x96  Code  Lc  stm32f1xx_hal_uart.o [1]
UART_SetConfig          0x0800278f   0xde  Code  Lc  stm32f1xx_hal_uart.o [1]
USART3_IRQHandler       0x08004d31    0x6  Code  Gb  stm32f1xx_it.o [1]
USART_ClearITPendingBit
                        0x08002215   0x12  Code  Gb  main.o [1]
UsageFault_Handler      0x08004d15    0x2  Code  Gb  stm32f1xx_it.o [1]
_Close_all              0x08004cd1   0x3c  Code  Gb  xcloseall.o [3]
_Files                  0x2000025c   0x20  Data  Gb  xfiles.o [3]
_Fofree                 0x08004b35   0x78  Code  Gb  xfofind.o [3]
_Fspos                  0x08004695   0xd8  Code  Gb  xfspos.o [3]
_Fwprep                 0x080049df   0xb4  Code  Gb  xfwprep.o [3]
_GenldLargeNoMb         0x08000a7d  0x248  Code  Lc  xprintflarge_nomb.o [3]
_LdtobLargeNoMb         0x08000815  0x240  Code  Lc  xprintflarge_nomb.o [3]
_LitobLargeNoMb         0x080006bd  0x112  Code  Lc  xprintflarge_nomb.o [3]
_Locale_lconv           0x2000027c   0x38  Data  Lc  xlocale_c.o [3]
_Nnl                    0x08004819    0xc  Code  Gb  xfgpos.o [3]
_PrintfLargeNoMb        0x08000131  0x1a4  Code  Gb  xprintflarge_nomb.o [3]
_Prout                  0x08004dcf   0x16  Code  Gb  xprout.o [3]
_PutcharsLargeNoMb      0x08000cc5   0x2e  Code  Lc  xprintflarge_nomb.o [3]
_PutfldLargeNoMb        0x08000355  0x25c  Code  Lc  xprintflarge_nomb.o [3]
_PuttxtLargeNoMb        0x080005b1  0x10c  Code  Lc  xprintflarge_nomb.o [3]
__aeabi_cdcmple         0x080013a9         Code  Gb  DblCmpLe.o [4]
__aeabi_cfcmple         0x08004051         Code  Gb  FltCmpLe.o [4]
__aeabi_cfrcmple        0x08004075         Code  Gb  FltCmpGe.o [4]
__aeabi_d2f             0x08002fcd         Code  Gb  DblToFlt.o [4]
__aeabi_d2uiz           0x08001621         Code  Gb  DblToU32.o [4]
__aeabi_dadd            0x0800175d         Code  Gb  DblAdd.o [4]
__aeabi_ddiv            0x080013d9         Code  Gb  DblDiv.o [4]
__aeabi_dmul            0x080010ed         Code  Gb  DblMul.o [4]
__aeabi_dsub            0x08001665         Code  Gb  DblSub.o [4]
__aeabi_f2d             0x08002f85         Code  Gb  FltToDbl.o [4]
__aeabi_f2iz            0x08004351         Code  Gb  FltToS32.o [4]
__aeabi_fadd            0x08004099         Code  Gb  FltAdd.o [4]
__aeabi_fdiv            0x08004255         Code  Gb  FltDiv.o [4]
__aeabi_fmul            0x0800417d         Code  Gb  FltMul.o [4]
__aeabi_fsub            0x08003fd1         Code  Gb  FltSub.o [4]
__aeabi_i2f             0x08004399         Code  Gb  S32ToFlt.o [4]
__aeabi_ldiv0           0x08001759         Code  Gb  I64DivZer.o [5]
__aeabi_memcpy          0x08001291         Code  Gb  ABImemcpy.o [5]
__aeabi_memcpy4         0x080012b1         Code  Gb  ABImemcpy.o [5]
__aeabi_memcpy8         0x080012b1         Code  Gb  ABImemcpy.o [5]
__aeabi_ui2d            0x08001649         Code  Gb  U32ToDbl.o [4]
__aeabi_ui2f            0x0800437d         Code  Gb  U32ToFlt.o [4]
__aeabi_uldivmod        0x08000ebd         Code  Gb  I64DivMod.o [5]
__basic_free            0x080045d5   0x16  Code  Gb  heap0.o [3]
__basic_free_intern     0x080045eb   0x7a  Code  Lc  heap0.o [3]
__basic_malloc          0x08004529   0x18  Code  Gb  heap0.o [3]
__basic_malloc_intern   0x08004541   0x94  Code  Lc  heap0.o [3]
__cexit_closeall        0x08004dc3         Code  Gb  cexit.o [5]
__close                 0x08004bb5   0x18  Code  Gb  close.o [6]
__cmain                 0x08004d99         Code  Gb  cmain.o [5]
__cstart_closeall       0x08004f00         Data  Gb  cstart_closeall.o [5]
__data_GetMemChunk      0x08004669   0x2c  Code  Gb  xgetmemchunk.o [3]
__data_GetMemChunk::start
                        0x200005dc    0x4  Data  Lc  xgetmemchunk.o [3]
__dwrite                0x0800494d   0x1e  Code  Gb  dwrite.o [6]
__exit                  0x080018d5   0x14  Code  Gb  exit.o [6]
__iar_Fail_s            0x08000ded   0x1c  Code  Gb  xfail_s.o [3]
__iar_Memchr            0x08000e65         Code  Gb  memchr.o [5]
__iar_Stderr            0x20000214   0x48  Data  Gb  xfiles.o [3]
__iar_Stdin             0x20000184   0x48  Data  Gb  xfiles.o [3]
__iar_Stdout            0x200001cc   0x48  Data  Gb  xfiles.o [3]
__iar_Strchr            0x08000dd5         Code  Gb  strchr.o [5]
__iar_dadd              0x08001675         Code  Gb  DblSub.o [4]
__iar_data_init3        0x08004d51   0x28  Code  Gb  data_init.o [5]
__iar_dsub              0x0800176d         Code  Gb  DblAdd.o [4]
__iar_dsubStart         0x0800177f         Code  Gb  DblAdd.o [4]
__iar_fadd              0x08003fdd         Code  Gb  FltSub.o [4]
__iar_frexp             0x08001345         Code  Gb  frexp.o [4]
__iar_frexp64           0x08001339         Code  Gb  frexp.o [4]
__iar_frexpl            0x08001345         Code  Gb  frexp.o [4]
__iar_fsub              0x080040a5         Code  Gb  FltAdd.o [4]
__iar_fsubStart         0x080040b5         Code  Gb  FltAdd.o [4]
__iar_lz77_init_single3
                        0x08000d5b   0x7a  Code  Gb  lz77_init_single.o [5]
__iar_program_start     0x08004e01         Code  Gb  cstartup_M.o [5]
__iar_sh_Discard        0x08004881   0x42  Code  Gb  XShHandles.o [3]
__iar_sh_Move           0x080048c3   0x46  Code  Gb  XShHandles.o [3]
__iar_sh_Pos            0x08004909   0x3e  Code  Gb  XShHandles.o [3]
__iar_sh_stdout_swo     0x0800496d   0x50  Code  Gb  iarwstdswo.o [6]
__iar_sh_write          0x080049bd   0x22  Code  Gb  iarwrite.o [6]
__iar_systems$$module {Abs}
                        0x00000001         Data  Gb  command line/config [2]
__iar_zero_init3        0x08004c91   0x40  Code  Gb  zero_init3.o [5]
__low_level_init        0x08004db7    0x4  Code  Gb  low_level_init.o [3]
__lseek                 0x08004825   0x4a  Code  Gb  lseek.o [6]
__vector_table          0x08000000         Data  Gb  startup_stm32f103xe.o [1]
__write                 0x0800486f   0x10  Code  Gb  write.o [6]
_call_main              0x08004da5         Code  Gb  cmain.o [5]
_exit                   0x08004dc1         Code  Gb  cexit.o [5]
_main                   0x08004db3         Code  Gb  cmain.o [5]
abort                   0x08001751    0x6  Code  Gb  abort.o [3]
ch0                     0x20000334   0x1c  Data  Gb  main.o [1]
ch1                     0x20000394   0x1c  Data  Gb  main.o [1]
ch2                     0x200003f0   0x1c  Data  Gb  main.o [1]
ch3                     0x2000044c   0x1c  Data  Gb  main.o [1]
checkSum                0x080021f1   0x22  Code  Gb  main.o [1]
dc0                     0x20000044   0x10  Data  Gb  main.o [1]
dc1                     0x20000054   0x10  Data  Gb  main.o [1]
dc2                     0x20000064   0x10  Data  Gb  main.o [1]
dc3                     0x20000074   0x10  Data  Gb  main.o [1]
ebuf                    0x200004a8   0x50  Data  Lc  xfiles.o [3]
entPidGain              0x08002187   0x4a  Code  Gb  main.o [1]
exit                    0x08004dbb    0x4  Code  Gb  exit.o [3]
fclose                  0x08004ab7   0x7e  Code  Gb  fclose.o [3]
fflush                  0x080047e1   0x34  Code  Gb  fflush.o [3]
fflushOne               0x0800476d   0x74  Code  Lc  fflush.o [3]
fputc                   0x08004c3d   0x54  Code  Gb  fputc.o [3]
free                    0x08004bb1    0x4  Code  Gb  heaptramp0.o [3]
frexp                   0x08001339         Code  Gb  frexp.o [4]
frexpl                  0x08001339         Code  Gb  frexp.o [4]
fseek                   0x08004a93   0x24  Code  Gb  fseek.o [3]
getMvAverage            0x080023e5   0x58  Code  Gb  main.o [1]
hadc1                   0x20000548   0x30  Data  Gb  main.o [1]
hadc2                   0x20000578   0x30  Data  Gb  main.o [1]
htim1                   0x20000350   0x40  Data  Gb  main.o [1]
htim2                   0x200003b0   0x40  Data  Gb  main.o [1]
htim3                   0x2000040c   0x40  Data  Gb  main.o [1]
htim4                   0x20000468   0x40  Data  Gb  main.o [1]
huart3                  0x20000004   0x40  Data  Gb  main.o [1]
localeconv              0x08001749    0x4  Code  Gb  xlocale_c.o [3]
main                    0x080018e9  0x274  Code  Gb  main.o [1]
memchr                  0x08000e65         Code  Gb  memchr.o [5]
obuf                    0x200004f8   0x50  Data  Lc  xfiles.o [3]
pid0                    0x20000084   0x3c  Data  Gb  main.o [1]
pid1                    0x200000c0   0x3c  Data  Gb  main.o [1]
pid2                    0x200000fc   0x3c  Data  Gb  main.o [1]
pid3                    0x20000138   0x3c  Data  Gb  main.o [1]
printf                  0x08002f5d   0x28  Code  Gb  printf.o [3]
putchar                 0x08004de5    0xc  Code  Gb  putchar.o [3]
remove                  0x08004bcd   0x14  Code  Gb  remove.o [6]
sFileInfo               0x200002b4   0x80  Data  Lc  XShHandles.o [3]
scale                   0x080007cf   0x46  Code  Lc  xprintflarge_nomb.o [3]
sec_hand                0x200005e0    0x4  Data  Lc  xfail_s.o [3]
sepPidGain              0x0800209b   0x3c  Code  Gb  main.o [1]
setPidDC                0x08001fcb   0xd0  Code  Gb  main.o [1]
set_polarity            0x080023c9   0x1c  Code  Lc  main.o [1]
strchr                  0x08000dd5         Code  Gb  strchr.o [5]
strlen                  0x08000e2d         Code  Gb  strlen.o [5]
sumPidGain              0x080020d7   0x98  Code  Gb  main.o [1]
targetDeg               0x200005d8    0x4  Data  Gb  main.o [1]
timer2Tick              0x20000390    0x4  Data  Lc  main.o [1]
uwTick                  0x20000178    0x4  Data  Gb  stm32f1xx_hal.o [1]
uwTickFreq              0x20000174    0x1  Data  Gb  stm32f1xx_hal.o [1]
uwTickPrio              0x2000017c    0x4  Data  Gb  stm32f1xx_hal.o [1]


[1] = C:\Users\seunghyun\Desktop\Dr.ONE\ARM\Dr.one\EWARM\Dr.one\Obj
[2] = command line
[3] = dl7M_tlf.a
[4] = m7M_tl.a
[5] = rt7M_tl.a
[6] = shb_l.a

  20 180 bytes of readonly  code memory
     189 bytes of readonly  data memory
   9 700 bytes of readwrite data memory

Errors: none
Warnings: none
