###############################################################################
#
# IAR ELF Linker V8.22.1.15669/W32 for ARM                12/Nov/2018  02:28:30
# Copyright 2007-2018 IAR Systems AB.
#
#    Output file  =  
#        C:\Users\seunghyun\Desktop\Dr.ONE\ARM -
#        복사본\Dr.one\EWARM\Dr.one\Exe\Dr.one.out
#    Map file     =  
#        C:\Users\seunghyun\Desktop\Dr.ONE\ARM -
#        복사본\Dr.one\EWARM\Dr.one\List\Dr.one.map
#    Command line =  
#        -f C:\Users\SEUNGH~1\AppData\Local\Temp\EW3DE.tmp
#        ("C:\Users\seunghyun\Desktop\Dr.ONE\ARM -
#        복사본\Dr.one\EWARM\Dr.one\Obj\main.o"
#        "C:\Users\seunghyun\Desktop\Dr.ONE\ARM -
#        복사본\Dr.one\EWARM\Dr.one\Obj\startup_stm32f103xe.o"
#        "C:\Users\seunghyun\Desktop\Dr.ONE\ARM -
#        복사본\Dr.one\EWARM\Dr.one\Obj\stm32f1xx_hal.o"
#        "C:\Users\seunghyun\Desktop\Dr.ONE\ARM -
#        복사본\Dr.one\EWARM\Dr.one\Obj\stm32f1xx_hal_adc.o"
#        "C:\Users\seunghyun\Desktop\Dr.ONE\ARM -
#        복사본\Dr.one\EWARM\Dr.one\Obj\stm32f1xx_hal_adc_ex.o"
#        "C:\Users\seunghyun\Desktop\Dr.ONE\ARM -
#        복사본\Dr.one\EWARM\Dr.one\Obj\stm32f1xx_hal_cortex.o"
#        "C:\Users\seunghyun\Desktop\Dr.ONE\ARM -
#        복사본\Dr.one\EWARM\Dr.one\Obj\stm32f1xx_hal_dma.o"
#        "C:\Users\seunghyun\Desktop\Dr.ONE\ARM -
#        복사본\Dr.one\EWARM\Dr.one\Obj\stm32f1xx_hal_flash.o"
#        "C:\Users\seunghyun\Desktop\Dr.ONE\ARM -
#        복사본\Dr.one\EWARM\Dr.one\Obj\stm32f1xx_hal_flash_ex.o"
#        "C:\Users\seunghyun\Desktop\Dr.ONE\ARM -
#        복사본\Dr.one\EWARM\Dr.one\Obj\stm32f1xx_hal_gpio.o"
#        "C:\Users\seunghyun\Desktop\Dr.ONE\ARM -
#        복사본\Dr.one\EWARM\Dr.one\Obj\stm32f1xx_hal_gpio_ex.o"
#        "C:\Users\seunghyun\Desktop\Dr.ONE\ARM -
#        복사본\Dr.one\EWARM\Dr.one\Obj\stm32f1xx_hal_msp.o"
#        "C:\Users\seunghyun\Desktop\Dr.ONE\ARM -
#        복사본\Dr.one\EWARM\Dr.one\Obj\stm32f1xx_hal_pwr.o"
#        "C:\Users\seunghyun\Desktop\Dr.ONE\ARM -
#        복사본\Dr.one\EWARM\Dr.one\Obj\stm32f1xx_hal_rcc.o"
#        "C:\Users\seunghyun\Desktop\Dr.ONE\ARM -
#        복사본\Dr.one\EWARM\Dr.one\Obj\stm32f1xx_hal_rcc_ex.o"
#        "C:\Users\seunghyun\Desktop\Dr.ONE\ARM -
#        복사본\Dr.one\EWARM\Dr.one\Obj\stm32f1xx_hal_tim.o"
#        "C:\Users\seunghyun\Desktop\Dr.ONE\ARM -
#        복사본\Dr.one\EWARM\Dr.one\Obj\stm32f1xx_hal_tim_ex.o"
#        "C:\Users\seunghyun\Desktop\Dr.ONE\ARM -
#        복사본\Dr.one\EWARM\Dr.one\Obj\stm32f1xx_hal_uart.o"
#        "C:\Users\seunghyun\Desktop\Dr.ONE\ARM -
#        복사본\Dr.one\EWARM\Dr.one\Obj\stm32f1xx_it.o"
#        "C:\Users\seunghyun\Desktop\Dr.ONE\ARM -
#        복사본\Dr.one\EWARM\Dr.one\Obj\system_stm32f1xx.o" -o
#        "C:\Users\seunghyun\Desktop\Dr.ONE\ARM -
#        복사본\Dr.one\EWARM\Dr.one\Exe\Dr.one.out" --map
#        "C:\Users\seunghyun\Desktop\Dr.ONE\ARM -
#        복사본\Dr.one\EWARM\Dr.one\List\Dr.one.map" --config "C:\Program
#        Files (x86)\IAR Systems\Embedded Workbench
#        8.0\arm\config\linker\ST\stm32f103xE.icf" --semihosting --entry
#        __iar_program_start --redirect __iar_sh_stdout=__iar_sh_stdout_swo
#        --vfe --text_out locale)
#
###############################################################################

*******************************************************************************
*** RUNTIME MODEL ATTRIBUTES
***

CppFlavor       = *
__Heap_Handler  = Basic
__SystemLibrary = DLib
__dlib_version  = 6


*******************************************************************************
*** HEAP SELECTION
***

The basic heap was selected because no calls to memory allocation
functions were found in the application outside of system library
functions, and there are calls to deallocation functions in the
application.


*******************************************************************************
*** PLACEMENT SUMMARY
***

"A0":  place at 0x08000000 { ro section .intvec };
"P1":  place in [from 0x08000000 to 0x0807ffff] { ro };
define block CSTACK with size = 4K, alignment = 8 { };
define block HEAP with size = 4K, alignment = 8 { };
"P2":  place in [from 0x20000000 to 0x2000ffff] {
          rw, block CSTACK, block HEAP };
initialize by copy { rw };

  Section            Kind        Address    Size  Object
  -------            ----        -------    ----  ------
"A0":                                      0x130
  .intvec            ro code  0x08000000   0x130  startup_stm32f103xe.o [1]
                            - 0x08000130   0x130

"P1":                                     0x3752
  .text              ro code  0x08000130   0x9d8  main.o [1]
  .text              ro code  0x08000b08    0x24  stm32f1xx_hal.o [1]
  .text              ro code  0x08000b2c   0x3d8  stm32f1xx_hal_uart.o [1]
  .text              ro code  0x08000f04   0x6e4  stm32f1xx_hal_tim.o [1]
  .text              ro code  0x080015e8    0x48  FltToDbl.o [4]
  .text              ro code  0x08001630    0x68  DblToFlt.o [4]
  .text              ro code  0x08001698   0x1a2  DblMul.o [4]
  .text              ro code  0x0800183a    0x7a  lz77_init_single.o [5]
  .text              ro code  0x080018b4   0x1ec  stm32f1xx_hal_gpio.o [1]
  .text              ro code  0x08001aa0   0x4e2  stm32f1xx_hal_rcc.o [1]
  .text              ro code  0x08001f84    0xe8  stm32f1xx_hal_rcc_ex.o [1]
  .text              ro code  0x0800206c    0xe6  stm32f1xx_hal_cortex.o [1]
  .text              ro code  0x08002154   0x26c  stm32f1xx_hal_adc.o [1]
  .text              ro code  0x080023c0    0xa4  stm32f1xx_hal_tim_ex.o [1]
  .text              ro code  0x08002464   0x2d0  stm32f1xx_hal_msp.o [1]
  .text              ro code  0x08002734    0x80  FltSub.o [4]
  .text              ro code  0x080027b4    0x24  FltCmpLe.o [4]
  .text              ro code  0x080027d8    0x24  FltCmpGe.o [4]
  .text              ro code  0x080027fc    0xe2  FltAdd.o [4]
  .text              ro code  0x080028e0    0xd8  FltMul.o [4]
  .text              ro code  0x080029b8    0xfc  FltDiv.o [4]
  .text              ro code  0x08002ab4    0x2a  FltToS32.o [4]
  .text              ro code  0x08002ae0    0x28  printf.o [3]
  .text              ro code  0x08002b08    0x24  S32ToFlt.o [4]
  .text              ro code  0x08002b2c    0x40  stm32f1xx_hal.o [1]
  .text              ro code  0x08002b6c   0x110  stm32f1xx_hal_dma.o [1]
  .text              ro code  0x08002c7c     0x2  stm32f1xx_hal_uart.o [1]
  .text              ro code  0x08002c7e     0x2  stm32f1xx_hal_tim.o [1]
  .text              ro code  0x08002c80     0x2  stm32f1xx_hal_tim.o [1]
  .text              ro code  0x08002c82     0x2  stm32f1xx_hal_tim_ex.o [1]
  .text              ro code  0x08002c84     0x2  stm32f1xx_hal_tim.o [1]
  .text              ro code  0x08002c86     0x2  stm32f1xx_hal_tim_ex.o [1]
  .text              ro code  0x08002c88     0x2  stm32f1xx_hal_tim.o [1]
  .text              ro code  0x08002c8c     0xc  stm32f1xx_hal.o [1]
  .text              ro code  0x08002c98   0x142  xprintftiny.o [3]
  .text              ro code  0x08002ddc    0x36  strlen.o [5]
  .text              ro code  0x08002e14   0x140  heap0.o [3]
  .text              ro code  0x08002f54    0x2c  xgetmemchunk.o [3]
  .text              ro code  0x08002f80    0xd8  xfspos.o [3]
  .text              ro code  0x08003058    0xac  fflush.o [3]
  .text              ro code  0x08003104     0xc  xfgpos.o [3]
  .text              ro code  0x08003110    0x4a  lseek.o [6]
  .text              ro code  0x0800315a    0x10  write.o [6]
  .text              ro code  0x0800316c    0xcc  XShHandles.o [3]
  .text              ro code  0x08003238    0x1e  dwrite.o [6]
  .text              ro code  0x08003258    0x50  iarwstdswo.o [6]
  .text              ro code  0x080032a8    0x22  iarwrite.o [6]
  .text              ro code  0x080032ca    0xb4  xfwprep.o [3]
  .text              ro code  0x0800337e    0x24  fseek.o [3]
  .text              ro code  0x080033a2    0x7e  fclose.o [3]
  .text              ro code  0x08003420    0x7c  xfofind.o [3]
  .text              ro code  0x0800349c     0x4  heaptramp0.o [3]
  .text              ro code  0x080034a0    0x18  close.o [6]
  .text              ro code  0x080034b8    0x14  remove.o [6]
  .text              ro code  0x080034cc    0x5c  system_stm32f1xx.o [1]
  .text              ro code  0x08003528    0x54  fputc.o [3]
  .text              ro code  0x0800357c    0x40  zero_init3.o [5]
  .text              ro code  0x080035bc    0x3c  xcloseall.o [3]
  .text              ro code  0x080035f8    0x34  stm32f1xx_it.o [1]
  .text              ro code  0x0800362c    0x10  stm32f1xx_hal.o [1]
  .text              ro code  0x0800363c    0x28  data_init.o [5]
  .iar.init_table    const    0x08003664    0x20  - Linker created -
  .text              ro code  0x08003684    0x1e  cmain.o [5]
  .text              ro code  0x080036a2     0x4  low_level_init.o [3]
  .text              ro code  0x080036a6     0x4  exit.o [3]
  .text              ro code  0x080036ac     0xe  cexit.o [5]
  .text              ro code  0x080036bc    0x14  exit.o [6]
  .text              ro code  0x080036d0    0x16  xprout.o [3]
  .text              ro code  0x080036e8     0xc  putchar.o [3]
  .text              ro code  0x080036f4    0x10  startup_stm32f103xe.o [1]
  .text              ro code  0x08003704     0xc  cstartup_M.o [5]
  .rodata            const    0x08003710     0x8  system_stm32f1xx.o [1]
  .text              ro code  0x08003718     0x4  startup_stm32f103xe.o [1]
  .text              ro code  0x0800371c     0x4  startup_stm32f103xe.o [1]
  .text              ro code  0x08003720     0x4  startup_stm32f103xe.o [1]
  .text              ro code  0x08003724     0x4  startup_stm32f103xe.o [1]
  .text              ro code  0x08003728     0x4  startup_stm32f103xe.o [1]
  .text              ro code  0x0800372c     0x4  startup_stm32f103xe.o [1]
  .text              ro code  0x08003730     0x4  startup_stm32f103xe.o [1]
  .text              ro code  0x08003734     0x4  startup_stm32f103xe.o [1]
  .text              ro code  0x08003738     0x4  startup_stm32f103xe.o [1]
  .text              ro code  0x0800373c     0x4  startup_stm32f103xe.o [1]
  .text              ro code  0x08003740     0x4  startup_stm32f103xe.o [1]
  .text              ro code  0x08003744     0x4  startup_stm32f103xe.o [1]
  .text              ro code  0x08003748     0x4  startup_stm32f103xe.o [1]
  .text              ro code  0x0800374c     0x4  startup_stm32f103xe.o [1]
  .text              ro code  0x08003750     0x4  startup_stm32f103xe.o [1]
  .text              ro code  0x08003754     0x4  startup_stm32f103xe.o [1]
  .text              ro code  0x08003758     0x4  startup_stm32f103xe.o [1]
  .text              ro code  0x0800375c     0x4  startup_stm32f103xe.o [1]
  .text              ro code  0x08003760     0x4  startup_stm32f103xe.o [1]
  .text              ro code  0x08003764     0x4  startup_stm32f103xe.o [1]
  .text              ro code  0x08003768     0x4  startup_stm32f103xe.o [1]
  .text              ro code  0x0800376c     0x4  startup_stm32f103xe.o [1]
  .text              ro code  0x08003770     0x4  startup_stm32f103xe.o [1]
  .text              ro code  0x08003774     0x4  startup_stm32f103xe.o [1]
  .text              ro code  0x08003778     0x4  startup_stm32f103xe.o [1]
  .text              ro code  0x0800377c     0x4  startup_stm32f103xe.o [1]
  .text              ro code  0x08003780     0x4  startup_stm32f103xe.o [1]
  .text              ro code  0x08003784     0x4  startup_stm32f103xe.o [1]
  .text              ro code  0x08003788     0x4  startup_stm32f103xe.o [1]
  .text              ro code  0x0800378c     0x4  startup_stm32f103xe.o [1]
  .text              ro code  0x08003790     0x4  startup_stm32f103xe.o [1]
  .text              ro code  0x08003794     0x4  startup_stm32f103xe.o [1]
  .text              ro code  0x08003798     0x4  startup_stm32f103xe.o [1]
  .text              ro code  0x0800379c     0x4  startup_stm32f103xe.o [1]
  .text              ro code  0x080037a0     0x4  startup_stm32f103xe.o [1]
  .text              ro code  0x080037a4     0x4  startup_stm32f103xe.o [1]
  .text              ro code  0x080037a8     0x4  startup_stm32f103xe.o [1]
  .text              ro code  0x080037ac     0x4  startup_stm32f103xe.o [1]
  .text              ro code  0x080037b0     0x4  startup_stm32f103xe.o [1]
  .text              ro code  0x080037b4     0x4  startup_stm32f103xe.o [1]
  .text              ro code  0x080037b8     0x4  startup_stm32f103xe.o [1]
  .text              ro code  0x080037bc     0x4  startup_stm32f103xe.o [1]
  .text              ro code  0x080037c0     0x4  startup_stm32f103xe.o [1]
  .text              ro code  0x080037c4     0x4  startup_stm32f103xe.o [1]
  .text              ro code  0x080037c8     0x4  startup_stm32f103xe.o [1]
  .text              ro code  0x080037cc     0x4  startup_stm32f103xe.o [1]
  .text              ro code  0x080037d0     0x4  startup_stm32f103xe.o [1]
  .text              ro code  0x080037d4     0x4  startup_stm32f103xe.o [1]
  .text              ro code  0x080037d8     0x4  startup_stm32f103xe.o [1]
  .text              ro code  0x080037dc     0x4  startup_stm32f103xe.o [1]
  .text              ro code  0x080037e0     0x4  startup_stm32f103xe.o [1]
  .text              ro code  0x080037e4     0x4  startup_stm32f103xe.o [1]
  .text              ro code  0x080037e8     0x4  startup_stm32f103xe.o [1]
  .text              ro code  0x080037ec     0x4  startup_stm32f103xe.o [1]
  .text              ro code  0x080037f0     0x4  startup_stm32f103xe.o [1]
  .text              ro code  0x080037f4     0x4  startup_stm32f103xe.o [1]
  .text              ro code  0x080037f8     0x4  startup_stm32f103xe.o [1]
  .text              ro code  0x080037fc     0x4  startup_stm32f103xe.o [1]
  .text              ro code  0x08003800     0x0  cstart_closeall.o [5]
  .rodata            const    0x08003800     0x0  zero_init3.o [5]
  .rodata            const    0x08003800     0x0  lz77_init_single.o [5]
  Initializer bytes  const    0x08003800    0x81  <for P2-1>
                            - 0x08003881  0x3751

"P2", part 1 of 3:                         0x2e4
  P2-1                        0x20000000   0x2e4  <Init block>
    .data            inited   0x20000000    0x6c  main.o [1]
    .data            inited   0x2000006c   0x170  main.o [1]
    .data            inited   0x200001dc     0xc  stm32f1xx_hal.o [1]
    .data            inited   0x200001e8     0x4  system_stm32f1xx.o [1]
    .data            inited   0x200001ec    0x48  xfiles.o [3]
    .data            inited   0x20000234    0x48  xfiles.o [3]
    .data            inited   0x2000027c    0x48  xfiles.o [3]
    .data            inited   0x200002c4    0x20  xfiles.o [3]
                            - 0x200002e4   0x2e4

"P2", part 2 of 3:                         0x6c8
  .bss               zero     0x200002e4   0x400  main.o [1]
  .bss               zero     0x200006e4    0x80  XShHandles.o [3]
  .bss               zero     0x20000764    0x5c  main.o [1]
  .bss               zero     0x200007c0    0x5c  main.o [1]
  .bss               zero     0x2000081c    0x50  xfiles.o [3]
  .bss               zero     0x2000086c    0x50  xfiles.o [3]
  .bss               zero     0x200008bc    0x40  main.o [1]
  .bss               zero     0x200008fc    0x40  main.o [1]
  .bss               zero     0x2000093c    0x30  main.o [1]
  .bss               zero     0x2000096c    0x30  main.o [1]
  .bss               zero     0x2000099c     0x8  heap0.o [3]
  .bss               zero     0x200009a4     0x4  main.o [1]
  .bss               zero     0x200009a8     0x4  xgetmemchunk.o [3]
                            - 0x200009ac   0x6c8

"P2", part 3 of 3:                        0x2000
  CSTACK                      0x200009b0  0x1000  <Block>
    CSTACK           uninit   0x200009b0  0x1000  <Block tail>
  HEAP                        0x200019b0  0x1000  <Block>
    HEAP             uninit   0x200019b0  0x1000  <Block tail>
                            - 0x200029b0  0x2000


*******************************************************************************
*** INIT TABLE
***

          Address     Size
          -------     ----
Zero (__iar_zero_init3)
    1 destination range, total size 0x6c8:
          0x200002e4  0x6c8

Copy/lz77 (__iar_lz77_init_single3)
    1 source range, total size 0x81 (17% of destination):
          0x08003800   0x81
    1 destination range, total size 0x2e4:
          0x20000000  0x2e4



*******************************************************************************
*** MODULE SUMMARY
***

    Module                  ro code  ro data  rw data
    ------                  -------  -------  -------
C:\Users\seunghyun\Desktop\Dr.ONE\ARM - 복사본\Dr.one\EWARM\Dr.one\Obj: [1]
    main.o                    2 520       82    1 912
    startup_stm32f103xe.o       552
    stm32f1xx_hal.o             128        3       12
    stm32f1xx_hal_adc.o         620
    stm32f1xx_hal_cortex.o      230
    stm32f1xx_hal_dma.o         272
    stm32f1xx_hal_gpio.o        492
    stm32f1xx_hal_msp.o         720
    stm32f1xx_hal_rcc.o       1 250
    stm32f1xx_hal_rcc_ex.o      232
    stm32f1xx_hal_tim.o       1 772
    stm32f1xx_hal_tim_ex.o      168
    stm32f1xx_hal_uart.o        986
    stm32f1xx_it.o               52
    system_stm32f1xx.o           92        8        4
    -------------------------------------------------
    Total:                   10 086       93    1 928

command line: [2]
    -------------------------------------------------
    Total:

dl7M_tlf.a: [3]
    XShHandles.o                204               128
    exit.o                        4
    fclose.o                    126
    fflush.o                    172
    fputc.o                      84
    fseek.o                      36
    heap0.o                     320                 8
    heaptramp0.o                  4
    low_level_init.o              4
    printf.o                     40
    putchar.o                    12
    xcloseall.o                  60
    xfgpos.o                     12
    xfiles.o                              44      408
    xfofind.o                   124
    xfspos.o                    216
    xfwprep.o                   180
    xgetmemchunk.o               44                 4
    xprintftiny.o               322
    xprout.o                     22
    -------------------------------------------------
    Total:                    1 986       44      548

m7M_tl.a: [4]
    DblMul.o                    418
    DblToFlt.o                  104
    FltAdd.o                    226
    FltCmpGe.o                   36
    FltCmpLe.o                   36
    FltDiv.o                    252
    FltMul.o                    216
    FltSub.o                    128
    FltToDbl.o                   72
    FltToS32.o                   42
    S32ToFlt.o                   36
    -------------------------------------------------
    Total:                    1 566

rt7M_tl.a: [5]
    cexit.o                      14
    cmain.o                      30
    cstart_closeall.o
    cstartup_M.o                 12
    data_init.o                  40
    lz77_init_single.o          122
    strlen.o                     54
    zero_init3.o                 64
    -------------------------------------------------
    Total:                      336

shb_l.a: [6]
    close.o                      24
    dwrite.o                     30
    exit.o                       20
    iarwrite.o                   34
    iarwstdswo.o                 80
    lseek.o                      74
    remove.o                     20
    write.o                      16
    -------------------------------------------------
    Total:                      298

    Gaps                         24
    Linker created                        32    8 192
-----------------------------------------------------
    Grand Total:             14 296      169   10 668


*******************************************************************************
*** ENTRY LIST
***

Entry                      Address   Size  Type      Object
-----                      -------   ----  ----      ------
.iar.init_table$$Base   0x08003664          --   Gb  - Linker created -
.iar.init_table$$Limit  0x08003684          --   Gb  - Linker created -
?main                   0x08003685         Code  Gb  cmain.o [5]
ADC_ConversionStop_Disable
                        0x0800237d   0x44  Code  Gb  stm32f1xx_hal_adc.o [1]
AHBPrescTable           0x08003518   0x10  Data  Gb  system_stm32f1xx.o [1]
APBPrescTable           0x08003710    0x8  Data  Gb  system_stm32f1xx.o [1]
Aldata                  0x2000099c    0x8  Data  Lc  heap0.o [3]
BusFault_Handler        0x080035ff    0x2  Code  Gb  stm32f1xx_it.o [1]
CSTACK$$Base            0x200009b0          --   Gb  - Linker created -
CSTACK$$Limit           0x200019b0          --   Gb  - Linker created -
DebugMon_Handler        0x08003605    0x2  Code  Gb  stm32f1xx_it.o [1]
HAL_ADC_ConfigChannel   0x08002265   0xe4  Code  Gb  stm32f1xx_hal_adc.o [1]
HAL_ADC_Init            0x08002155  0x110  Code  Gb  stm32f1xx_hal_adc.o [1]
HAL_ADC_MspInit         0x080024f9   0x62  Code  Gb  stm32f1xx_hal_msp.o [1]
HAL_DMA_Abort_IT        0x08002b6d   0xdc  Code  Gb  stm32f1xx_hal_dma.o [1]
HAL_GPIO_Init           0x080018b5  0x196  Code  Gb  stm32f1xx_hal_gpio.o [1]
HAL_GPIO_ReadPin        0x08001a4b    0xc  Code  Gb  stm32f1xx_hal_gpio.o [1]
HAL_GPIO_WritePin       0x08001a57    0xc  Code  Gb  stm32f1xx_hal_gpio.o [1]
HAL_GetTick             0x08002c8d    0xc  Code  Wk  stm32f1xx_hal.o [1]
HAL_IncTick             0x0800362d   0x10  Code  Wk  stm32f1xx_hal.o [1]
HAL_Init                0x08000b09   0x20  Code  Gb  stm32f1xx_hal.o [1]
HAL_InitTick            0x08002b2d   0x40  Code  Wk  stm32f1xx_hal.o [1]
HAL_MspInit             0x08002465   0x94  Code  Gb  stm32f1xx_hal_msp.o [1]
HAL_NVIC_EnableIRQ      0x080020df    0xa  Code  Gb  stm32f1xx_hal_cortex.o [1]
HAL_NVIC_SetPriority    0x080020a5   0x3a  Code  Gb  stm32f1xx_hal_cortex.o [1]
HAL_NVIC_SetPriorityGrouping
                        0x0800208b   0x1a  Code  Gb  stm32f1xx_hal_cortex.o [1]
HAL_RCCEx_PeriphCLKConfig
                        0x08001f85   0xda  Code  Gb  stm32f1xx_hal_rcc_ex.o [1]
HAL_RCC_ClockConfig     0x08001dbd  0x10c  Code  Gb  stm32f1xx_hal_rcc.o [1]
HAL_RCC_GetHCLKFreq     0x08001f19    0x6  Code  Gb  stm32f1xx_hal_rcc.o [1]
HAL_RCC_GetPCLK1Freq    0x08001f1f   0x10  Code  Gb  stm32f1xx_hal_rcc.o [1]
HAL_RCC_GetPCLK2Freq    0x08001f2f    0xe  Code  Gb  stm32f1xx_hal_rcc.o [1]
HAL_RCC_GetSysClockFreq
                        0x08001edd   0x3c  Code  Gb  stm32f1xx_hal_rcc.o [1]
HAL_RCC_GetSysClockFreq::aPLLMULFactorTable
                        0x08001f70   0x10  Data  Lc  stm32f1xx_hal_rcc.o [1]
HAL_RCC_GetSysClockFreq::aPredivFactorTable
                        0x08001f80    0x2  Data  Lc  stm32f1xx_hal_rcc.o [1]
HAL_RCC_OscConfig       0x08001aa1  0x314  Code  Gb  stm32f1xx_hal_rcc.o [1]
HAL_SYSTICK_CLKSourceConfig
                        0x0800211b   0x1a  Code  Gb  stm32f1xx_hal_cortex.o [1]
HAL_SYSTICK_Config      0x080020f3   0x28  Code  Gb  stm32f1xx_hal_cortex.o [1]
HAL_SYSTICK_IRQHandler  0x0800214d    0x4  Code  Gb  stm32f1xx_hal_cortex.o [1]
HAL_TIMEx_BreakCallback
                        0x08002c83    0x2  Code  Wk  stm32f1xx_hal_tim_ex.o [1]
HAL_TIMEx_CommutationCallback
                        0x08002c87    0x2  Code  Wk  stm32f1xx_hal_tim_ex.o [1]
HAL_TIMEx_ConfigBreakDeadTime
                        0x080023c1   0x5a  Code  Gb  stm32f1xx_hal_tim_ex.o [1]
HAL_TIMEx_MasterConfigSynchronization
                        0x0800241b   0x4a  Code  Gb  stm32f1xx_hal_tim_ex.o [1]
HAL_TIM_Base_Start_IT   0x08000f05   0x16  Code  Gb  stm32f1xx_hal_tim.o [1]
HAL_TIM_IC_CaptureCallback
                        0x08000901   0xe2  Code  Gb  main.o [1]
HAL_TIM_IC_ConfigChannel
                        0x0800116d  0x104  Code  Gb  stm32f1xx_hal_tim.o [1]
HAL_TIM_IC_Init         0x08000fa5   0x1a  Code  Gb  stm32f1xx_hal_tim.o [1]
HAL_TIM_IC_MspInit      0x080025b7   0x58  Code  Gb  stm32f1xx_hal_msp.o [1]
HAL_TIM_IC_Start_IT     0x08000fcf   0x38  Code  Gb  stm32f1xx_hal_tim.o [1]
HAL_TIM_IRQHandler      0x08001025  0x142  Code  Gb  stm32f1xx_hal_tim.o [1]
HAL_TIM_MspPostInit     0x0800260f   0x6a  Code  Gb  stm32f1xx_hal_msp.o [1]
HAL_TIM_PWM_ConfigChannel
                        0x08001271   0xc0  Code  Gb  stm32f1xx_hal_tim.o [1]
HAL_TIM_PWM_Init        0x08000f45   0x1a  Code  Gb  stm32f1xx_hal_tim.o [1]
HAL_TIM_PWM_MspInit     0x08002567   0x50  Code  Gb  stm32f1xx_hal_msp.o [1]
HAL_TIM_PWM_Start       0x08000f5f   0x14  Code  Gb  stm32f1xx_hal_tim.o [1]
HAL_UART_ErrorCallback  0x080008b1   0x3e  Code  Gb  main.o [1]
HAL_UART_IRQHandler     0x08000c0b  0x152  Code  Gb  stm32f1xx_hal_uart.o [1]
HAL_UART_Init           0x08000b2d   0x1e  Code  Gb  stm32f1xx_hal_uart.o [1]
HAL_UART_MspInit        0x0800268f   0x76  Code  Gb  stm32f1xx_hal_msp.o [1]
HAL_UART_Receive_IT     0x08000ba5   0x54  Code  Gb  stm32f1xx_hal_uart.o [1]
HAL_UART_RxCpltCallback
                        0x0800089d   0x12  Code  Gb  main.o [1]
HEAP$$Base              0x200019b0          --   Gb  - Linker created -
HEAP$$Limit             0x200029b0          --   Gb  - Linker created -
HardFault_Handler       0x080035fb    0x2  Code  Gb  stm32f1xx_it.o [1]
MX_ADC1_Init            0x080003dd   0x4c  Code  Lc  main.o [1]
MX_ADC2_Init            0x08000435   0x34  Code  Lc  main.o [1]
MX_GPIO_Init            0x080006cb   0xe2  Code  Lc  main.o [1]
MX_TIM1_Init            0x0800049b   0xa0  Code  Lc  main.o [1]
MX_TIM2_Init            0x08000545   0x76  Code  Lc  main.o [1]
MX_TIM3_Init            0x080005dd   0x6a  Code  Lc  main.o [1]
MX_TIM4_Init            0x0800065b   0x5c  Code  Lc  main.o [1]
MemManage_Handler       0x080035fd    0x2  Code  Gb  stm32f1xx_it.o [1]
NMI_Handler             0x080035f9    0x2  Code  Gb  stm32f1xx_it.o [1]
NVIC_SetPriority        0x0800206d   0x1e  Code  Lc  stm32f1xx_hal_cortex.o [1]
PendSV_Handler          0x08003607    0x2  Code  Gb  stm32f1xx_it.o [1]
Region$$Table$$Base     0x08003664          --   Gb  - Linker created -
Region$$Table$$Limit    0x08003684          --   Gb  - Linker created -
SVC_Handler             0x08003603    0x2  Code  Gb  stm32f1xx_it.o [1]
SysTick_Handler         0x08003609    0xe  Code  Gb  stm32f1xx_it.o [1]
SystemClock_Config      0x08000357   0x86  Code  Gb  main.o [1]
SystemCoreClock         0x200001e8    0x4  Data  Gb  system_stm32f1xx.o [1]
SystemInit              0x080034cd   0x3a  Code  Gb  system_stm32f1xx.o [1]
TIM3_IRQHandler         0x08003617    0x6  Code  Gb  stm32f1xx_it.o [1]
TIM_Base_SetConfig      0x0800135f   0x74  Code  Gb  stm32f1xx_hal_tim.o [1]
TIM_CCxChannelCmd       0x080015d1   0x12  Code  Gb  stm32f1xx_hal_tim.o [1]
TIM_OC1_SetConfig       0x080013d3   0x52  Code  Lc  stm32f1xx_hal_tim.o [1]
TIM_OC2_SetConfig       0x08001425   0x60  Code  Gb  stm32f1xx_hal_tim.o [1]
TIM_OC3_SetConfig       0x08001485   0x58  Code  Lc  stm32f1xx_hal_tim.o [1]
TIM_OC4_SetConfig       0x080014e9   0x46  Code  Lc  stm32f1xx_hal_tim.o [1]
TIM_TI1_SetConfig       0x0800152f   0x5a  Code  Gb  stm32f1xx_hal_tim.o [1]
TIM_TI2_SetConfig       0x0800159d   0x34  Code  Lc  stm32f1xx_hal_tim.o [1]
UART_DMAAbortOnError    0x08000d79    0xc  Code  Lc  stm32f1xx_hal_uart.o [1]
UART_EndRxTransfer      0x08000d5d   0x1c  Code  Lc  stm32f1xx_hal_uart.o [1]
UART_Receive_IT         0x08000d85   0x96  Code  Lc  stm32f1xx_hal_uart.o [1]
UART_SetConfig          0x08000e1b   0xde  Code  Lc  stm32f1xx_hal_uart.o [1]
USART3_IRQHandler       0x0800361d    0x6  Code  Gb  stm32f1xx_it.o [1]
USART_ClearITPendingBit
                        0x080008ef   0x12  Code  Gb  main.o [1]
UsageFault_Handler      0x08003601    0x2  Code  Gb  stm32f1xx_it.o [1]
_Close_all              0x080035bd   0x3c  Code  Gb  xcloseall.o [3]
_Files                  0x200002c4   0x20  Data  Gb  xfiles.o [3]
_Fofree                 0x08003421   0x78  Code  Gb  xfofind.o [3]
_Fspos                  0x08002f81   0xd8  Code  Gb  xfspos.o [3]
_Fwprep                 0x080032cb   0xb4  Code  Gb  xfwprep.o [3]
_Nnl                    0x08003105    0xc  Code  Gb  xfgpos.o [3]
_PrintfTiny             0x08002cb5  0x126  Code  Gb  xprintftiny.o [3]
_Prout                  0x080036d1   0x16  Code  Gb  xprout.o [3]
__aeabi_cfcmple         0x080027b5         Code  Gb  FltCmpLe.o [4]
__aeabi_cfrcmple        0x080027d9         Code  Gb  FltCmpGe.o [4]
__aeabi_d2f             0x08001631         Code  Gb  DblToFlt.o [4]
__aeabi_dmul            0x08001699         Code  Gb  DblMul.o [4]
__aeabi_f2d             0x080015e9         Code  Gb  FltToDbl.o [4]
__aeabi_f2iz            0x08002ab5         Code  Gb  FltToS32.o [4]
__aeabi_fadd            0x080027fd         Code  Gb  FltAdd.o [4]
__aeabi_fdiv            0x080029b9         Code  Gb  FltDiv.o [4]
__aeabi_fmul            0x080028e1         Code  Gb  FltMul.o [4]
__aeabi_fsub            0x08002735         Code  Gb  FltSub.o [4]
__aeabi_i2f             0x08002b09         Code  Gb  S32ToFlt.o [4]
__basic_free            0x08002ec1   0x16  Code  Gb  heap0.o [3]
__basic_free_intern     0x08002ed7   0x7a  Code  Lc  heap0.o [3]
__basic_malloc          0x08002e15   0x18  Code  Gb  heap0.o [3]
__basic_malloc_intern   0x08002e2d   0x94  Code  Lc  heap0.o [3]
__cexit_closeall        0x080036af         Code  Gb  cexit.o [5]
__close                 0x080034a1   0x18  Code  Gb  close.o [6]
__cmain                 0x08003685         Code  Gb  cmain.o [5]
__cstart_closeall       0x08003800         Data  Gb  cstart_closeall.o [5]
__data_GetMemChunk      0x08002f55   0x2c  Code  Gb  xgetmemchunk.o [3]
__data_GetMemChunk::start
                        0x200009a8    0x4  Data  Lc  xgetmemchunk.o [3]
__dwrite                0x08003239   0x1e  Code  Gb  dwrite.o [6]
__exit                  0x080036bd   0x14  Code  Gb  exit.o [6]
__iar_Stderr            0x2000027c   0x48  Data  Gb  xfiles.o [3]
__iar_Stdin             0x200001ec   0x48  Data  Gb  xfiles.o [3]
__iar_Stdout            0x20000234   0x48  Data  Gb  xfiles.o [3]
__iar_data_init3        0x0800363d   0x28  Code  Gb  data_init.o [5]
__iar_fadd              0x08002741         Code  Gb  FltSub.o [4]
__iar_fsub              0x08002809         Code  Gb  FltAdd.o [4]
__iar_fsubStart         0x08002819         Code  Gb  FltAdd.o [4]
__iar_lz77_init_single3
                        0x0800183b   0x7a  Code  Gb  lz77_init_single.o [5]
__iar_program_start     0x08003705         Code  Gb  cstartup_M.o [5]
__iar_sh_Discard        0x0800316d   0x42  Code  Gb  XShHandles.o [3]
__iar_sh_Move           0x080031af   0x46  Code  Gb  XShHandles.o [3]
__iar_sh_Pos            0x080031f5   0x3e  Code  Gb  XShHandles.o [3]
__iar_sh_stdout_swo     0x08003259   0x50  Code  Gb  iarwstdswo.o [6]
__iar_sh_write          0x080032a9   0x22  Code  Gb  iarwrite.o [6]
__iar_systems$$module {Abs}
                        0x00000001         Data  Gb  command line/config [2]
__iar_zero_init3        0x0800357d   0x40  Code  Gb  zero_init3.o [5]
__low_level_init        0x080036a3    0x4  Code  Gb  low_level_init.o [3]
__lseek                 0x08003111   0x4a  Code  Gb  lseek.o [6]
__vector_table          0x08000000         Data  Gb  startup_stm32f103xe.o [1]
__write                 0x0800315b   0x10  Code  Gb  write.o [6]
_call_main              0x08003691         Code  Gb  cmain.o [5]
_exit                   0x080036ad         Code  Gb  cexit.o [5]
_main                   0x0800369f         Code  Gb  cmain.o [5]
aRxBuffer               0x200001d0    0xc  Data  Gb  main.o [1]
ch0                     0x2000006c   0x1c  Data  Gb  main.o [1]
ch1                     0x20000000   0x1c  Data  Gb  main.o [1]
ch2                     0x20000764   0x1c  Data  Gb  main.o [1]
ch3                     0x200007c0   0x1c  Data  Gb  main.o [1]
count                   0x200000cc    0x4  Data  Lc  main.o [1]
dc0                     0x20000088   0x10  Data  Gb  main.o [1]
dc1                     0x20000098   0x10  Data  Gb  main.o [1]
dc2                     0x200000a8   0x10  Data  Gb  main.o [1]
dc3                     0x200000b8   0x10  Data  Gb  main.o [1]
ebuf                    0x2000081c   0x50  Data  Lc  xfiles.o [3]
errCode                 0x200002e4  0x400  Data  Gb  main.o [1]
exit                    0x080036a7    0x4  Code  Gb  exit.o [3]
fclose                  0x080033a3   0x7e  Code  Gb  fclose.o [3]
fflush                  0x080030cd   0x34  Code  Gb  fflush.o [3]
fflushOne               0x08003059   0x74  Code  Lc  fflush.o [3]
fputc                   0x08003529   0x54  Code  Gb  fputc.o [3]
free                    0x0800349d    0x4  Code  Gb  heaptramp0.o [3]
fseek                   0x0800337f   0x24  Code  Gb  fseek.o [3]
getMvAverage            0x08000aa9   0x58  Code  Gb  main.o [1]
hadc1                   0x2000093c   0x30  Data  Gb  main.o [1]
hadc2                   0x2000096c   0x30  Data  Gb  main.o [1]
htim1                   0x20000780   0x40  Data  Gb  main.o [1]
htim2                   0x200007dc   0x40  Data  Gb  main.o [1]
htim3                   0x200008bc   0x40  Data  Gb  main.o [1]
htim4                   0x200008fc   0x40  Data  Gb  main.o [1]
huart3                  0x2000001c   0x40  Data  Gb  main.o [1]
main                    0x08000131  0x20a  Code  Gb  main.o [1]
obuf                    0x2000086c   0x50  Data  Lc  xfiles.o [3]
out                     0x08002c99   0x1c  Code  Lc  xprintftiny.o [3]
pid0                    0x200000d0   0x40  Data  Gb  main.o [1]
pid1                    0x20000110   0x40  Data  Gb  main.o [1]
pid2                    0x20000150   0x40  Data  Gb  main.o [1]
pid3                    0x20000190   0x40  Data  Gb  main.o [1]
printf                  0x08002ae1   0x28  Code  Gb  printf.o [3]
putchar                 0x080036e9    0xc  Code  Gb  putchar.o [3]
readErrorCount          0x20000068    0x4  Data  Gb  main.o [1]
remove                  0x080034b9   0x14  Code  Gb  remove.o [6]
sFileInfo               0x200006e4   0x80  Data  Lc  XShHandles.o [3]
sentBufferEmpty         0x2000005c    0x4  Data  Gb  main.o [1]
setPidDC                0x080007bf   0xde  Code  Gb  main.o [1]
set_polarity            0x08000a8d   0x1c  Code  Lc  main.o [1]
strlen                  0x08002ddd         Code  Gb  strlen.o [5]
targetDeg               0x200009a4    0x4  Data  Gb  main.o [1]
timer2Tick              0x200000c8    0x4  Data  Lc  main.o [1]
transferErrorCount      0x20000060    0x4  Data  Gb  main.o [1]
uwTick                  0x200001e0    0x4  Data  Gb  stm32f1xx_hal.o [1]
uwTickFreq              0x200001dc    0x1  Data  Gb  stm32f1xx_hal.o [1]
uwTickPrio              0x200001e4    0x4  Data  Gb  stm32f1xx_hal.o [1]
writeErrorCount         0x20000064    0x4  Data  Gb  main.o [1]


[1] = C:\Users\seunghyun\Desktop\Dr.ONE\ARM - 복사본\Dr.one\EWARM\Dr.one\Obj
[2] = command line
[3] = dl7M_tlf.a
[4] = m7M_tl.a
[5] = rt7M_tl.a
[6] = shb_l.a

  14 296 bytes of readonly  code memory
     169 bytes of readonly  data memory
  10 668 bytes of readwrite data memory

Errors: none
Warnings: none
